02-28 18:19:04.643     0     0 I platform camera_af_hw_node: Linked as a consumer to 0-0035
02-28 18:19:04.643     0     0 I i2c-0   : error:addr=0x35,irq_stat=0x3,ch_offset=0x0,mask:0x12f
02-28 18:19:04.643     0     0 I i2c-0   : addr:0x35,ACK error
02-28 18:19:04.643     0     0 E         : FAN53870 failed to get PID
02-28 18:19:04.643     0     0 W fan53870-regulator: probe of 0-0035 failed with error -121
02-28 18:19:04.643     0     0 D         : probe of 0-0035 returned 0 after 152 usecs
02-28 18:19:04.643     0     0 E [wl2868c_regulator_probe]: WL2868C get Product ID: [82]
02-28 18:19:04.643     0     0 E [wl2868c_write]: Writing 0x52 to 0x03
02-28 18:19:04.643     0     0 E [wl2868c_write_voltage]: [(null)][0] VSET=[0x52]
02-28 18:19:04.643     0     0 E [wl2868c_register_ldo]: try to register ldo fan53870-l1
02-28 18:19:04.643     0     0 E [wl2868c_regulator_get_voltage]: [fan53870-l1][0] voltage read [52]
02-28 18:19:04.644     0     0 E [wl2868c_regulator_get_voltage]: [fan53870-l1][0] voltage read [52]
02-28 18:19:04.644     0     0 E [wl2868c_regulator_get_voltage]: [fan53870-l1][0] voltage read [52]
02-28 18:19:04.644     0     0 W fan53870-l1: Failed to create debugfs directory
02-28 18:19:04.644     0     0 E [wl2868c_register_ldo]: fan53870-l1 regulator register done
02-28 18:19:04.644     0     0 E [wl2868c_write]: Writing 0x58 to 0x04
02-28 18:19:04.644     0     0 E [wl2868c_write_voltage]: [(null)][0] VSET=[0x58]
02-28 18:19:04.644     0     0 E [wl2868c_register_ldo]: try to register ldo fan53870-l2
02-28 18:19:04.644     0     0 E [wl2868c_regulator_get_voltage]: [fan53870-l2][0] voltage read [58]
02-28 18:19:04.644     0     0 E [wl2868c_regulator_get_voltage]: [fan53870-l2][0] voltage read [58]
02-28 18:19:04.645     0     0 E [wl2868c_regulator_get_voltage]: [fan53870-l2][0] voltage read [58]
02-28 18:19:04.645     0     0 W fan53870-l2: Failed to create debugfs directory
02-28 18:19:04.645     0     0 E [wl2868c_register_ldo]: fan53870-l2 regulator register done
02-28 18:19:04.645     0     0 E [wl2868c_write]: Writing 0xa2 to 0x05
02-28 18:19:04.645     0     0 E [wl2868c_write_voltage]: [(null)][0] VSET=[0xa2]
02-28 18:19:04.645     0     0 E [wl2868c_register_ldo]: try to register ldo fan53870-l3
02-28 18:19:04.645     0     0 E [wl2868c_regulator_get_voltage]: [fan53870-l3][0] voltage read [a2]
02-28 18:19:04.645     0     0 E [wl2868c_regulator_get_voltage]: [fan53870-l3][0] voltage read [a2]
02-28 18:19:04.645     0     0 E [wl2868c_regulator_get_voltage]: [fan53870-l3][0] voltage read [a2]
02-28 18:19:04.645     0     0 W fan53870-l3: Failed to create debugfs directory
02-28 18:19:04.645     0     0 E [wl2868c_register_ldo]: fan53870-l3 regulator register done
02-28 18:19:04.645     0     0 E [wl2868c_write]: Writing 0xa2 to 0x06
02-28 18:19:04.645     0     0 E [wl2868c_write_voltage]: [(null)][0] VSET=[0xa2]
02-28 18:19:04.645     0     0 E [wl2868c_register_ldo]: try to register ldo fan53870-l4
02-28 18:19:04.646     0     0 E [wl2868c_regulator_get_voltage]: [fan53870-l4][0] voltage read [a2]
02-28 18:19:04.646     0     0 E [wl2868c_regulator_get_voltage]: [fan53870-l4][0] voltage read [a2]
02-28 18:19:04.646     0     0 E [wl2868c_regulator_get_voltage]: [fan53870-l4][0] voltage read [a2]
02-28 18:19:04.646     0     0 W fan53870-l4: Failed to create debugfs directory
02-28 18:19:04.646     0     0 E [wl2868c_register_ldo]: fan53870-l4 regulator register done
02-28 18:19:04.646     0     0 E [wl2868c_write]: Writing 0xa2 to 0x07
02-28 18:19:04.646     0     0 E [wl2868c_write_voltage]: [(null)][0] VSET=[0xa2]
02-28 18:19:04.646     0     0 E [wl2868c_register_ldo]: try to register ldo fan53870-l5
02-28 18:19:04.646     0     0 E [wl2868c_regulator_get_voltage]: [fan53870-l5][0] voltage read [a2]
02-28 18:19:04.646     0     0 E [wl2868c_regulator_get_voltage]: [fan53870-l5][0] voltage read [a2]
02-28 18:19:04.647     0     0 E [wl2868c_regulator_get_voltage]: [fan53870-l5][0] voltage read [a2]
02-28 18:19:04.647     0     0 W fan53870-l5: Failed to create debugfs directory
02-28 18:19:04.647     0     0 E [wl2868c_register_ldo]: fan53870-l5 regulator register done
02-28 18:19:04.647     0     0 E [wl2868c_write]: Writing 0xc8 to 0x08
02-28 18:19:04.647     0     0 E [wl2868c_write_voltage]: [(null)][0] VSET=[0xc8]
02-28 18:19:04.647     0     0 E [wl2868c_register_ldo]: try to register ldo fan53870-l6
02-28 18:19:04.647     0     0 E [wl2868c_regulator_get_voltage]: [fan53870-l6][0] voltage read [c8]
02-28 18:19:04.647     0     0 E [wl2868c_regulator_get_voltage]: [fan53870-l6][0] voltage read [c8]
02-28 18:19:04.647     0     0 E [wl2868c_regulator_get_voltage]: [fan53870-l6][0] voltage read [c8]
02-28 18:19:04.647     0     0 W fan53870-l6: Failed to create debugfs directory
02-28 18:19:04.647     0     0 E [wl2868c_register_ldo]: fan53870-l6 regulator register done
02-28 18:19:04.647     0     0 E [wl2868c_write]: Writing 0xa2 to 0x09
02-28 18:19:04.647     0     0 E [wl2868c_write_voltage]: [(null)][0] VSET=[0xa2]
02-28 18:19:04.648     0     0 E [wl2868c_register_ldo]: try to register ldo fan53870-l7
02-28 18:19:04.648     0     0 E [wl2868c_regulator_get_voltage]: [fan53870-l7][0] voltage read [a2]
02-28 18:19:04.648     0     0 E [wl2868c_regulator_get_voltage]: [fan53870-l7][0] voltage read [a2]
02-28 18:19:04.648     0     0 E [wl2868c_regulator_get_voltage]: [fan53870-l7][0] voltage read [a2]
02-28 18:19:04.648     0     0 W fan53870-l7: Failed to create debugfs directory
02-28 18:19:04.648     0     0 E [wl2868c_register_ldo]: fan53870-l7 regulator register done
02-28 18:19:04.648     0     0 D         : probe of 0-0035 returned 1 after 5113 usecs
02-28 18:19:04.648     0     0 I i2c 0-005c: Linked as a consumer to pinctrl
02-28 18:19:04.648     0     0 I i2c 0-0067: Linked as a consumer to pinctrl
02-28 18:19:04.649     0     0 I mt-i2c 11e00000.i2c0: Dropping the link to pinctrl
02-28 18:19:04.649     0     0 D         : probe of 11e00000.i2c0 returned 1 after 92195 usecs
02-28 18:19:04.649     0     0 I [I2C]id : 1,freq:400000,div:5,ch_offset:0x0,offset_dma:0x0,offset_ccu:0x0,apdma_size:0x1000
02-28 18:19:04.649     0     0 I mt-i2c 11d20000.i2c1: cannot get mux clock
02-28 18:19:04.649     0     0 I mt-i2c 11d20000.i2c1: cannot get p_main clock
02-28 18:19:04.649     0     0 I mt-i2c 11d20000.i2c1: cannot get p_univ clock
02-28 18:19:04.649     0     0 I mt-i2c 11d20000.i2c1: i2c1 clock source 000000004867462a,clock src frequency 24960000
02-28 18:19:04.649     0     0 D         : probe of 11d20000.i2c1 returned 1 after 269 usecs
02-28 18:19:04.649     0     0 I [I2C]id : 2,freq:400000,div:5,ch_offset:0x0,offset_dma:0x0,offset_ccu:0x0,apdma_size:0x1000
02-28 18:19:04.649     0     0 I mt-i2c 11d21000.i2c2: cannot get mux clock
02-28 18:19:04.649     0     0 I mt-i2c 11d21000.i2c2: cannot get p_main clock
02-28 18:19:04.649     0     0 I mt-i2c 11d21000.i2c2: cannot get p_univ clock
02-28 18:19:04.649     0     0 I mt-i2c 11d21000.i2c2: i2c2 clock source 0000000067d9392e,clock src frequency 24960000
02-28 18:19:04.649     0     0 D         : probe of 2-0051 returned 1 after 58 usecs
02-28 18:19:04.649     0     0 D         : probe of 2-0050 returned 1 after 44 usecs
02-28 18:19:04.650     0     0 D         : probe of 11d21000.i2c2 returned 1 after 891 usecs
02-28 18:19:04.650     0     0 I [I2C]id : 3,freq:400000,div:5,ch_offset:0x0,offset_dma:0x0,offset_ccu:0x0,apdma_size:0x1000
02-28 18:19:04.650     0     0 I mt-i2c 11cb0000.i2c3: cannot get mux clock
02-28 18:19:04.650     0     0 I mt-i2c 11cb0000.i2c3: cannot get p_main clock
02-28 18:19:04.650     0     0 I mt-i2c 11cb0000.i2c3: cannot get p_univ clock
02-28 18:19:04.650     0     0 I mt-i2c 11cb0000.i2c3: i2c3 clock source 00000000fe3c8ad3,clock src frequency 24960000
02-28 18:19:04.650     0     0 I platform odm: rt5133-gpio1: Linked as a consumer to 3-0018
02-28 18:19:04.650     0     0 I platform odm: rt5133-gpio2: Linked as a consumer to 3-0018
02-28 18:19:04.650     0     0 I platform odm: rt5133-gpio3: Linked as a consumer to 3-0018
02-28 18:19:04.650     0     0 I i2c 3-0018: Linked as a consumer to pinctrl
02-28 18:19:04.650     0     0 I rt5133 3-0018: rt5133_probe start(1.0.2_MTK)
02-28 18:19:04.650     0     0 I i2c-3   : error:addr=0x18,irq_stat=0x3,ch_offset=0x0,mask:0x12f
02-28 18:19:04.650     0     0 I i2c-3   : addr:0x18,ACK error
02-28 18:19:04.650     0     0 E rt5133 3-0018: Failed to check vendor info [-121]
02-28 18:19:04.650     0     0 W rt5133  : probe of 3-0018 failed with error -121
02-28 18:19:04.650     0     0 D         : probe of 3-0018 returned 0 after 293 usecs
02-28 18:19:04.651     0     0 I i2c 3-0008: Linked as a consumer to pinctrl
02-28 18:19:04.651     0     0 E i2c-3   : Failed to register i2c client nfc at 0x08 (-16)
02-28 18:19:04.651     0     0 E i2c-3   : of_i2c: Failure registering /i2c3@11cb0000/nfc@08
02-28 18:19:04.651     0     0 E i2c-3   : Failed to create I2C device for /i2c3@11cb0000/nfc@08
02-28 18:19:04.651     0     0 I mt-i2c 11cb0000.i2c3: Dropping the link to pinctrl
02-28 18:19:04.651     0     0 D         : probe of 11cb0000.i2c3 returned 1 after 896 usecs
02-28 18:19:04.651     0     0 I [I2C]id : 4,freq:400000,div:5,ch_offset:0x0,offset_dma:0x0,offset_ccu:0x0,apdma_size:0x1000
02-28 18:19:04.651     0     0 I mt-i2c 11d22000.i2c4: cannot get mux clock
02-28 18:19:04.651     0     0 I mt-i2c 11d22000.i2c4: cannot get p_main clock
02-28 18:19:04.651     0     0 I mt-i2c 11d22000.i2c4: cannot get p_univ clock
02-28 18:19:04.651     0     0 I mt-i2c 11d22000.i2c4: i2c4 clock source 00000000449d032f,clock src frequency 24960000
02-28 18:19:04.651     0     0 I st21nfc_probe: IRQ GPIO = 41
02-28 18:19:04.651     0     0 I st21nfc_probe: RST GPIO = 40
02-28 18:19:04.651     0     0 W [OPTIONAL] st21nfc_probe: Unable to request pidle-gpio
02-28 18:19:04.651     0     0 I st21nfc_probe: MT IRQ GPIO = 212
02-28 18:19:04.651     0     0 D         : probe of 4-0051 returned 1 after 57 usecs
02-28 18:19:04.651     0     0 I i2c-3   : error:addr=0x8,irq_stat=0x3,ch_offset=0x0,mask:0x12f
02-28 18:19:04.651     0     0 I i2c-3   : addr:0x8,ACK error
02-28 18:19:04.651     0     0 D         : probe of 11d22000.i2c4 returned 1 after 567 usecs
02-28 18:19:04.651     0     0 I [I2C]id : 5,freq:3400000,div:5,ch_offset:0x0,offset_dma:0x0,offset_ccu:0x0,apdma_size:0x1000
02-28 18:19:04.651     0     0 I mt-i2c 11d00000.i2c5: cannot get mux clock
02-28 18:19:04.651     0     0 I mt-i2c 11d00000.i2c5: cannot get p_main clock
02-28 18:19:04.651     0     0 I mt-i2c 11d00000.i2c5: cannot get p_univ clock
02-28 18:19:04.651     0     0 I mt-i2c 11d00000.i2c5: i2c5 clock source 00000000be04b411,clock src frequency 24960000
02-28 18:19:04.651     0     0 E i2c-5   : of_i2c: modalias failure on /i2c5@11d00000/mt6360_pmu_dts
02-28 18:19:04.651     0     0 E i2c-5   : Failed to create I2C device for /i2c5@11d00000/mt6360_pmu_dts
02-28 18:19:04.651     0     0 E i2c-5   : of_i2c: modalias failure on /i2c5@11d00000/mt6360_pmic_dts
02-28 18:19:04.651     0     0 E i2c-5   : Failed to create I2C device for /i2c5@11d00000/mt6360_pmic_dts
02-28 18:19:04.651     0     0 E i2c-5   : of_i2c: modalias failure on /i2c5@11d00000/mt6360_ldo_dts
02-28 18:19:04.651     0     0 E i2c-5   : Failed to create I2C device for /i2c5@11d00000/mt6360_ldo_dts
02-28 18:19:04.652     0     0 I mt6360_pmu 5-0034: find mt6360_pmu_dts node
02-28 18:19:04.652     0     0 I mt6360_pmu 5-0034: mt6360_pmu_parse_dt_data ++
02-28 18:19:04.652     0     0 I mt6360_pmu 5-0034: mt6360_pmu_parse_dt_data --, irq gpio34
02-28 18:19:04.652     0     0 I mt6360_pmu 5-0034: chip_rev [03]
02-28 18:19:04.652     0     0 I         : rt_regmap_device_register_ex name = mt6360_pmu.5-0034
02-28 18:19:04.652     0     0 I         : rt_regmap_cache_init
02-28 18:19:04.652     0     0 I         : rt_regmap_cache_init successfully
02-28 18:19:04.652     0     0 I rt_regmap_mt6360_pmu.5-0034: rt_regmap_set_cache_mode mode_mask = 0
02-28 18:19:04.652     0     0 I rt_regmap_mt6360_pmu.5-0034: rt_regmap_cache_reload
02-28 18:19:04.655     0     0 I mt6360_pmu 5-0034: booton irq status ++
02-28 18:19:04.655     0     0 I mt6360_pmu 5-0034: irq[00], 80
02-28 18:19:04.655     0     0 I mt6360_pmu 5-0034: irq[01], 00
02-28 18:19:04.655     0     0 I mt6360_pmu 5-0034: irq[02], 00
02-28 18:19:04.655     0     0 I mt6360_pmu 5-0034: irq[03], 00
02-28 18:19:04.655     0     0 I mt6360_pmu 5-0034: irq[04], d4
02-28 18:19:04.655     0     0 I mt6360_pmu 5-0034: irq[05], 10
02-28 18:19:04.655     0     0 I mt6360_pmu 5-0034: irq[06], 01
02-28 18:19:04.655     0     0 I mt6360_pmu 5-0034: irq[07], 94
02-28 18:19:04.655     0     0 I mt6360_pmu 5-0034: irq[08], 12
02-28 18:19:04.655     0     0 I mt6360_pmu 5-0034: irq[09], 00
02-28 18:19:04.655     0     0 I mt6360_pmu 5-0034: irq[0a], 00
02-28 18:19:04.655     0     0 I mt6360_pmu 5-0034: irq[0b], 00
02-28 18:19:04.655     0     0 I mt6360_pmu 5-0034: irq[0c], 00
02-28 18:19:04.655     0     0 I mt6360_pmu 5-0034: irq[0d], 00
02-28 18:19:04.655     0     0 I mt6360_pmu 5-0034: irq[0e], 00
02-28 18:19:04.655     0     0 I mt6360_pmu 5-0034: irq[0f], 00
02-28 18:19:04.655     0     0 I mt6360_pmu 5-0034: booton irq status --
02-28 18:19:04.669     0     0 W mt6360_pmu_core.0.auto: DMA mask not set
02-28 18:19:04.672     0     0 I mt6360_pmu_core.0.auto: mt6360_pmu_core_probe: successfully probed
02-28 18:19:04.672     0     0 D         : probe of mt6360_pmu_core.0.auto returned 1 after 3576 usecs
02-28 18:19:04.672     0     0 W mt6360_pmu_adc.1.auto: DMA mask not set
02-28 18:19:04.674     0     0 I mt6360_pmu_adc.1.auto: mt6360_pmu_adc_probe: successfully probed
02-28 18:19:04.674     0     0 D         : probe of mt6360_pmu_adc.1.auto returned 1 after 2073 usecs
02-28 18:19:04.674     0     0 I platform mt6360_pmu_chg.2.auto: Linked as a consumer to usb-phy0
02-28 18:19:04.675     0     0 W mt6360_pmu_chg.2.auto: DMA mask not set
02-28 18:19:04.675     0     0 I mt6360_pmu_chg.2.auto: mt6360_pmu_chg_probe
02-28 18:19:04.676     0     0 I mt6360_pmu_chg.2.auto: mt6360_chg_init_setting
02-28 18:19:04.679     0     0 E ufshcd-mtk 11270000.ufshci: ufshcd_print_pwr_info:[RX, TX]: gear=[3, 3], lane[2, 2], pwr[FAST MODE, FAST MODE], rate = 2
02-28 18:19:04.679     0     0 E ufshcd-mtk 11270000.ufshci: ufshcd_print_pwr_info:[RX, TX]: gear=[3, 3], lane[2, 2], pwr[FAST MODE, FAST MODE], rate = 2
02-28 18:19:04.679     0     0 I ufsf_read_dev_desc: 190 device lu count 3
02-28 18:19:04.679     0     0 I ufsf_read_dev_desc: 197 sel=1 length=89(0x59) bSupport=0xb3, extend=0x03_b3
02-28 18:19:04.679     0     0 I ufshpb_get_dev_info: 2698 bUFSFeaturesSupport: HPB is set
02-28 18:19:04.679     0     0 I ufstw_get_dev_info: 622 bUFSExFeaturesSupport: TW support
02-28 18:19:04.679     0     0 I ufstw_get_dev_info: 635 tw_dev [53] bTurboWriteBufferNoUserSpaceReductionEn 1
02-28 18:19:04.679     0     0 I ufstw_get_dev_info: 637 tw_dev [54] bTurboWriteBufferType 0
02-28 18:19:04.679     0     0 I ufshpb_get_geo_info: 2725 [48] bHPBRegionSiz 19
02-28 18:19:04.679     0     0 I ufshpb_get_geo_info: 2726 [49] bHPBNumberLU 32
02-28 18:19:04.679     0     0 I ufshpb_get_geo_info: 2727 [4A] bHPBSubRegionSize 19
02-28 18:19:04.679     0     0 I ufshpb_get_geo_info: 2729 [4B:4C] wDeviceMaxActiveHPBRegions 477
02-28 18:19:04.679     0     0 I ufshpb_init_constant: 2108 sects_per_blk_shift: 3 3
02-28 18:19:04.679     0     0 I ufshpb_init_constant: 2113 bits_per_dword 32 shift 5 mask 0x1F
02-28 18:19:04.679     0     0 I ufshpb_init_constant: 2117 bits_per_byte 8 shift 3
02-28 18:19:04.679     0     0 I ufstw_get_geo_info: 650 tw_geo [4F:52] dTurboWriteBufferMaxNAllocUnits 7628
02-28 18:19:04.679     0     0 I ufstw_get_geo_info: 652 tw_geo [53] bDeviceMaxTurboWriteLUs 1
02-28 18:19:04.679     0     0 I ufstw_get_geo_info: 654 tw_geo [54] bTurboWriteBufferCapAdjFac 3
02-28 18:19:04.679     0     0 I ufstw_get_geo_info: 656 tw_geo [55] bSupportedTurboWriteBufferUserSpaceReductionTypes 2
02-28 18:19:04.679     0     0 I ufstw_get_geo_info: 658 tw_geo [56] bSupportedTurboWriteBufferTypes 2
02-28 18:19:04.679     0     0 I ufshpb_get_lu_info: 2759 LUN(0) [0A] bLogicalBlockSize 12
02-28 18:19:04.679     0     0 I ufshpb_get_lu_info: 2761 LUN(0) [0B] qLogicalBlockCount 1024
02-28 18:19:04.679     0     0 I ufshpb_get_lu_info: 2762 LUN(0) [03] bLuEnable 1
02-28 18:19:04.679     0     0 I ufshpb_get_lu_info: 2763 LUN(0) [06] bLuQueueDepth 0
02-28 18:19:04.679    23    23 I ufshpb_get_lu_info: 2765 LUN(0) [23:24] wLUMaxActiveHPBRegions 0
02-28 18:19:04.679    25    25 I ufshpb_get_lu_info: 2767 LUN(0) [25:26] wHPBPinnedRegionStartIdx 0
02-28 18:19:04.679    27    27 I ufshpb_get_lu_info: 2769 LUN(0) [27:28] wNumHPBPinnedRegions 0
02-28 18:19:04.679     0     0 I ufshpb_get_lu_info: 2772 LUN(0) PINNED Start 0 End -1
02-28 18:19:04.679     0     0 I ufshpb_get_lu_info: 2794 ===== LU 0 is hpb-disabled.
02-28 18:19:04.679    29    29 I ufstw_get_lu_info: 687 tw_lu LUN(0) [29:2C] dLUNumTurboWriteBufferAllocUnits 0
02-28 18:19:04.679     0     0 I ufstw_get_lu_info: 688 ===== LUN(0) is TurboWrite-disabled.
02-28 18:19:04.679     0     0 I ufshpb_get_lu_info: 2759 LUN(1) [0A] bLogicalBlockSize 12
02-28 18:19:04.679     0     0 I ufshpb_get_lu_info: 2761 LUN(1) [0B] qLogicalBlockCount 1024
02-28 18:19:04.679     0     0 I ufshpb_get_lu_info: 2762 LUN(1) [03] bLuEnable 1
02-28 18:19:04.679     0     0 I ufshpb_get_lu_info: 2763 LUN(1) [06] bLuQueueDepth 0
02-28 18:19:04.679    23    23 I ufshpb_get_lu_info: 2765 LUN(1) [23:24] wLUMaxActiveHPBRegions 0
02-28 18:19:04.679    25    25 I ufshpb_get_lu_info: 2767 LUN(1) [25:26] wHPBPinnedRegionStartIdx 0
--------- beginning of system
02-28 18:19:07.816   507   507 I vold    : Vold 3.0 (the awakening) firing up
02-28 18:19:04.679    27    27 I ufshpb_get_lu_info: 2769 LUN(1) [27:28] wNumHPBPinnedRegions 0
02-28 18:19:04.679     0     0 I ufshpb_get_lu_info: 2772 LUN(1) PINNED Start 0 End -1
02-28 18:19:04.679     0     0 I ufshpb_get_lu_info: 2794 ===== LU 1 is hpb-disabled.
02-28 18:19:04.679    29    29 I ufstw_get_lu_info: 687 tw_lu LUN(1) [29:2C] dLUNumTurboWriteBufferAllocUnits 0
02-28 18:19:04.679     0     0 I ufstw_get_lu_info: 688 ===== LUN(1) is TurboWrite-disabled.
02-28 18:19:04.679     0     0 I ufshpb_get_lu_info: 2759 LUN(2) [0A] bLogicalBlockSize 12
02-28 18:19:04.679     0     0 I ufshpb_get_lu_info: 2761 LUN(2) [0B] qLogicalBlockCount 31240192
02-28 18:19:04.679     0     0 I ufshpb_get_lu_info: 2762 LUN(2) [03] bLuEnable 2
02-28 18:19:04.679     0     0 I ufshpb_get_lu_info: 2763 LUN(2) [06] bLuQueueDepth 0
02-28 18:19:04.679    23    23 I ufshpb_get_lu_info: 2765 LUN(2) [23:24] wLUMaxActiveHPBRegions 128
02-28 18:19:04.679    25    25 I ufshpb_get_lu_info: 2767 LUN(2) [25:26] wHPBPinnedRegionStartIdx 0
02-28 18:19:04.679    27    27 I ufshpb_get_lu_info: 2769 LUN(2) [27:28] wNumHPBPinnedRegions 0
02-28 18:19:04.679     0     0 I ufshpb_get_lu_info: 2772 LUN(2) PINNED Start 0 End -1
02-28 18:19:04.679    29    29 I ufstw_get_lu_info: 684 tw_lu LUN(2) [29:2C] dLUNumTurboWriteBufferAllocUnits 3072
02-28 18:19:04.680     0     0 I ufsf_tw_init: 620 init start.. tw_state 0
02-28 18:19:04.680     0     0 I ufstw_init_work_fn: 912 TW_INIT_START
02-28 18:19:04.680     0     0 I ufstw_init_lu_jobs: 595 INIT_DELAYED_WORK(tw_flush_work) ufstw_lu2
02-28 18:19:04.680     0     0 I ufstw_init_lu_jobs: 598 INIT_WORK(tw_lifetime_work)
02-28 18:19:04.680     0     0 I ufstw_create_sysfs: 1697 ufstw creates sysfs ufstw_lu(2) 00000000d2d5a4cb dev->kobj 00000000624b38ee
02-28 18:19:04.680     0     0 I ufstw_create_sysfs: 1705 ufstw_lu2 sysfs attr creates: tw_mode
02-28 18:19:04.680     0     0 I ufstw_create_sysfs: 1705 ufstw_lu2 sysfs attr creates: tw_enable
02-28 18:19:04.680     0     0 E ufshcd-mtk 11270000.ufshci: ufshcd_find_max_sup_active_icc_level: Regulator capability was not set, actvIccLevel=0
02-28 18:19:07.817   507   507 D vold    : Detected support for: exfat ext4 f2fs ntfs vfat
02-28 18:19:04.680     0     0 I ufstw_create_sysfs: 1705 ufstw_lu2 sysfs attr creates: flush_enable
02-28 18:19:04.680     0     0 I ufstw_create_sysfs: 1705 ufstw_lu2 sysfs attr creates: flush_during_hibern_enter
02-28 18:19:04.680     0     0 I ufstw_create_sysfs: 1705 ufstw_lu2 sysfs attr creates: ee_mode
02-28 18:19:04.680     0     0 I ufstw_create_sysfs: 1705 ufstw_lu2 sysfs attr creates: flush_status
02-28 18:19:04.680     0     0 I ufsf_tw_reset: 632 reset start.. tw_state 0
02-28 18:19:04.680     0     0 I ufstw_create_sysfs: 1705 ufstw_lu2 sysfs attr creates: available_buffer_size
02-28 18:19:04.680     0     0 I ufstw_create_sysfs: 1705 ufstw_lu2 sysfs attr creates: current_tw_buffer_size
02-28 18:19:04.680     0     0 I ufstw_create_sysfs: 1705 ufstw_lu2 sysfs attr creates: lifetime_est
02-28 18:19:04.680     0     0 I ufstw_create_sysfs: 1705 ufstw_lu2 sysfs attr creates: debug
02-28 18:19:04.680     0     0 I ufstw_create_sysfs: 1705 ufstw_lu2 sysfs attr creates: debug_active_cnt
02-28 18:19:04.680     0     0 I scsi 0  : 0:0:49488: Well-known LUN    MICRON   MT128GAXAU2U227X 0106 PQ: 0 ANSI: 6
02-28 18:19:04.680     0     0 I ufstw_create_sysfs: 1705 ufstw_lu2 sysfs attr creates: flush_th_max
02-28 18:19:04.680     0     0 I ufstw_create_sysfs: 1705 ufstw_lu2 sysfs attr creates: flush_th_min
02-28 18:19:04.680     0     0 I ufstw_create_sysfs: 1705 ufstw_lu2 sysfs attr creates: version
02-28 18:19:04.680     0     0 I ufstw_create_sysfs: 1709 ufstw_lu2 sysfs adds uevent
02-28 18:19:04.680     0     0 D         : probe of 0:0:0:49488 returned 0 after 16 usecs
02-28 18:19:04.681     0     0 I scsi 0  : 0:0:49476: Well-known LUN    MICRON   MT128GAXAU2U227X 0106 PQ: 0 ANSI: 6
02-28 18:19:04.682     0     0 I ufstw_print_lu_flag_attr: 698 tw_flag LUN(2) [14] fTurboWriteEn 0
02-28 18:19:04.682     0     0 I ufstw_print_lu_flag_attr: 700 tw_flag LUN(2) [15] fTurboWriteBufferFlushEn 0
02-28 18:19:04.682     0     0 I ufstw_print_lu_flag_attr: 703 tw_flag LUN(2) [16] fTurboWriteBufferFlushDuringHibernateEnter 0
02-28 18:19:04.682     0     0 I ufstw_print_lu_flag_attr: 706 tw_attr LUN(2) [28] flush_status  0
02-28 18:19:04.682     0     0 I ufstw_print_lu_flag_attr: 708 tw_attr LUN(2) [29] buffer_size  10
02-28 18:19:04.682     0     0 I ufstw_print_lu_flag_attr: 711 tw_attr LUN(2) [30] bufffer_lifetime  1(0x1)
02-28 18:19:04.682     0     0 I ufstw_init: 816 UFSTW LU 2 working
02-28 18:19:04.682     0     0 I ufstw_init_dev_jobs: 589 INIT_WORK(tw_reset_work)
02-28 18:19:04.682     0     0 D         : probe of 0:0:0:49476 returned 0 after 12 usecs
02-28 18:19:04.682     0     0 I ufshcd-mtk 11270000.ufshci: rpmb rw_size: 64
02-28 18:19:04.682     0     0 I scsi 0  : 0:0:49456: Well-known LUN    MICRON   MT128GAXAU2U227X 0106 PQ: 0 ANSI: 6
02-28 18:19:04.683     0     0 D         : probe of 0:0:0:49456 returned 0 after 11 usecs
02-28 18:19:04.683     0     0 I mt6360_pmu_chg.2.auto: __mt6360_enable_usbchgen: en = 0
02-28 18:19:04.683     0     0 I mt6360_pmu_chg.2.auto: mt6360_set_usbsw_state: state = 1
02-28 18:19:04.683     0     0 I         : product_name = 1, ruby = 1, rubypro = 0, rubyplus = 0
02-28 18:19:04.683     0     0 I mtk-tphy usb-phy0: u2_phy_instance_set_mode_ext submode(2)
02-28 18:19:04.683     0     0 I scsi 0  : 0:0:0: Direct-Access     MICRON   MT128GAXAU2U227X 0106 PQ: 0 ANSI: 6
02-28 18:19:04.683     0     0 I mt6360_pmu_chg.2.auto: mt6360_read_zcv: zcv = (0x0D, 0x4B, 4253mV)
02-28 18:19:04.684     0     0 I scsi 0  : 0:0:1: Direct-Access     MICRON   MT128GAXAU2U227X 0106 PQ: 0 ANSI: 6
02-28 18:19:04.684     0     0 I scsi 0  : 0:0:2: Direct-Access     MICRON   MT128GAXAU2U227X 0106 PQ: 0 ANSI: 6
02-28 18:19:04.684     0     0 E mt6360_pmu_chg.2.auto: disable IR Compensation OK!
02-28 18:19:04.684     0     0 D         : probe of 0:0:0:0 returned 1 after 87 usecs
02-28 18:19:04.684     0     0 W sd 0    : 0:0:0: Power-on or device reset occurred
02-28 18:19:04.685     0     0 D         : probe of 0:0:0:1 returned 1 after 99 usecs
02-28 18:19:04.685     0     0 W sd 0    : 0:0:1: Power-on or device reset occurred
02-28 18:19:04.685     0     0 D         : probe of 0:0:0:2 returned 1 after 71 usecs
02-28 18:19:04.685     0     0 W sd 0    : 0:0:2: Power-on or device reset occurred
02-28 18:19:04.685     0     0 I sd 0    : 0:0:0: [sda] 1024 4096-byte logical blocks: (4.19 MB/4.00 MiB)
02-28 18:19:04.686     0     0 I sd 0    : 0:0:0: [sda] Write Protect is off
02-28 18:19:04.686     0     0 D sd 0    : 0:0:0: [sda] Mode Sense: 00 32 00 10
02-28 18:19:04.686     0     0 I sd 0    : 0:0:1: [sdb] 1024 4096-byte logical blocks: (4.19 MB/4.00 MiB)
02-28 18:19:04.686     0     0 I sd 0    : 0:0:0: [sda] Write cache: disabled, read cache: enabled, supports DPO and FUA
02-28 18:19:04.686     0     0 I sd 0    : 0:0:2: [sdc] 31240192 4096-byte logical blocks: (128 GB/119 GiB)
02-28 18:19:04.686     0     0 I sd 0    : 0:0:1: [sdb] Write Protect is off
02-28 18:19:04.686     0     0 D sd 0    : 0:0:1: [sdb] Mode Sense: 00 32 00 10
02-28 18:19:04.686     0     0 I sd 0    : 0:0:0: [sda] Optimal transfer size 524288 bytes
02-28 18:19:04.686     0     0 I sd 0    : 0:0:2: [sdc] Write Protect is off
02-28 18:19:04.686     0     0 D sd 0    : 0:0:2: [sdc] Mode Sense: 00 32 00 10
02-28 18:19:04.686     0     0 I sd 0    : 0:0:2: [sdc] Write cache: enabled, read cache: enabled, supports DPO and FUA
02-28 18:19:04.686     0     0 I sd 0    : 0:0:1: [sdb] Write cache: disabled, read cache: enabled, supports DPO and FUA
02-28 18:19:04.686     0     0 I sd 0    : 0:0:2: [sdc] Optimal transfer size 524288 bytes
02-28 18:19:04.686     0     0 I sd 0    : 0:0:1: [sdb] Optimal transfer size 524288 bytes
02-28 18:19:04.690     0     0 I sdc     : sdc1 sdc2 sdc3 sdc4 sdc5 sdc6 sdc7 sdc8 sdc9 sdc10 sdc11 sdc12 sdc13 sdc14 sdc15 sdc16 sdc17 sdc18 sdc19 sdc20 sdc21 sdc22 sdc23 sdc24 sdc25 sdc26 sdc27 sdc28 sdc29 sdc30 sdc31 sdc32 sdc33 sdc34 sdc35 sdc36 sdc37 sdc38 sdc39 sdc40 sdc41 sdc42 sdc43 sdc44 sdc45 sdc46 sdc47 sdc48 sdc49 sdc50 sdc51 sdc52 sdc53 sdc54 sdc55 sdc56 sdc57 sdc58 sdc59 sdc60 sdc61 sdc62 sdc63 sdc64 sdc65 sdc66 sdc67 sdc68 sdc69 sdc70 sdc71 sdc72 sdc73 sdc74 sdc75 sdc76 sdc77
02-28 18:19:04.690     0     0 I sd 0    : 0:0:0: [sda] Attached SCSI disk
02-28 18:19:04.690     0     0 I sd 0    : 0:0:1: [sdb] Attached SCSI disk
02-28 18:19:04.691     0     0 I mt6360_pmu_chg.2.auto: mt6360_chg_mivr_task_threadfn ++
02-28 18:19:04.691     0     0 D         : probe of mt6360_pmu_chg.2.auto returned 1 after 16259 usecs
02-28 18:19:04.691     0     0 W mt6360_pmu_fled.3.auto: DMA mask not set
02-28 18:19:04.691     0     0 I         : mt6360_pmu_fled_probe (1.0.1_MTK) id = 3
02-28 18:19:04.691     0     0 E         : mt6360_transform_strb_cur 750000
02-28 18:19:04.691     0     0 E         : mt6360_transform_strb_cur 0xF4
02-28 18:19:04.694     0     0 I sd 0    : 0:0:2: [sdc] Attached SCSI disk
02-28 18:19:04.694     0     0 I         : mt6360_pmu_fled_probe (1.0.1_MTK) id = 0
02-28 18:19:04.694     0     0 E mt6360_pmu_fled.0: mt6360_pmu_fled_probe flash name mt-flash-led1
02-28 18:19:04.694     0     0 I rt-flash-led: rtfled_probe() line-385: Richtek FlashLED Driver is probing
02-28 18:19:04.694     0     0 W rt-flash-led: rtfled_check_hal_implement() line-367: check_hal_implemented have NULL item.
02-28 18:19:04.694     0     0 I rt-flash-led: rtfled_probe() line-403: Richtek FlashLED Driver initialized successfully
02-28 18:19:04.694     0     0 D         : probe of rt-flash-led.0 returned 1 after 56 usecs
02-28 18:19:04.694     0     0 I mt6360_pmu_fled.0: mt6360_pmu_fled_probe: successfully probed
02-28 18:19:04.694     0     0 D         : probe of mt6360_pmu_fled.0 returned 1 after 125 usecs
02-28 18:19:04.694     0     0 I         : mt6360_pmu_fled_probe (1.0.1_MTK) id = 1
02-28 18:19:04.694     0     0 E mt6360_pmu_fled.1: mt6360_pmu_fled_probe flash name mt-flash-led2
02-28 18:19:04.694     0     0 I rt-flash-led: rtfled_probe() line-385: Richtek FlashLED Driver is probing
02-28 18:19:04.694     0     0 W rt-flash-led: rtfled_check_hal_implement() line-367: check_hal_implemented have NULL item.
02-28 18:19:04.694     0     0 I rt-flash-led: rtfled_probe() line-403: Richtek FlashLED Driver initialized successfully
02-28 18:19:04.694     0     0 D         : probe of rt-flash-led.1 returned 1 after 46 usecs
02-28 18:19:04.694     0     0 I mt6360_pmu_fled.1: mt6360_pmu_fled_probe: successfully probed
02-28 18:19:04.694     0     0 D         : probe of mt6360_pmu_fled.1 returned 1 after 99 usecs
02-28 18:19:04.694     0     0 I mt6360_pmu_fled.3.auto: mt6360_pmu_fled_probe: successfully probed
02-28 18:19:04.694     0     0 D         : probe of mt6360_pmu_fled.3.auto returned 1 after 3103 usecs
02-28 18:19:04.694     0     0 I mt6360_pmu 5-0034: mt6360_pmu_i2c_probe: successfully probed
02-28 18:19:04.694     0     0 D         : probe of 5-0034 returned 1 after 42758 usecs
02-28 18:19:04.695     0     0 I mt6360_pmic 5-001a: find mt6360_pmic_dts node
02-28 18:19:04.700     0     0 I mt6360_pmic 5-001a: chip_rev [03]
02-28 18:19:04.700     0     0 I         : rt_regmap_device_register_ex name = mt6360_pmic.5-001a
02-28 18:19:04.700     0     0 I         : rt_regmap_cache_init
02-28 18:19:04.700     0     0 I         : rt_regmap_cache_init successfully
02-28 18:19:04.700     0     0 I rt_regmap_mt6360_pmic.5-001a: rt_regmap_set_cache_mode mode_mask = 0
02-28 18:19:04.700     0     0 I rt_regmap_mt6360_pmic.5-001a: rt_regmap_cache_reload
02-28 18:19:04.701     0     0 W VMDLA   : Failed to create debugfs directory
02-28 18:19:04.702     0     0 W VDRAM1  : Failed to create debugfs directory
02-28 18:19:04.702     0     0 W VMDDR   : Failed to create debugfs directory
02-28 18:19:04.702     0     0 W VDRAM2  : Failed to create debugfs directory
02-28 18:19:04.707     0     0 I mt6360_pmic 5-001a: mt6360_pmic_i2c_probe: successfully probed
02-28 18:19:04.707     0     0 D         : probe of 5-001a returned 1 after 12384 usecs
02-28 18:19:04.707     0     0 I mt6360_ldo 5-0064: find mt6360_ldo_dts node
02-28 18:19:04.710     0     0 I mt6360_ldo 5-0064: chip_rev [03]
02-28 18:19:04.710     0     0 I         : rt_regmap_device_register_ex name = mt6360_ldo.5-0064
02-28 18:19:04.710     0     0 I         : rt_regmap_cache_init
02-28 18:19:04.710     0     0 I         : rt_regmap_cache_init successfully
02-28 18:19:04.710     0     0 I rt_regmap_mt6360_ldo.5-0064: rt_regmap_set_cache_mode mode_mask = 0
02-28 18:19:04.710     0     0 I rt_regmap_mt6360_ldo.5-0064: rt_regmap_cache_reload
02-28 18:19:04.710     0     0 I VFP     : Bringing 1800000uV into 3300000-3300000uV
02-28 18:19:04.710     0     0 W VFP     : Failed to create debugfs directory
02-28 18:19:04.711     0     0 I vtp     : Bringing 1800000uV into 3300000-3300000uV
02-28 18:19:04.711     0     0 W vtp     : Failed to create debugfs directory
02-28 18:19:04.711     0     0 I VMC     : Bringing 3000000uV into 1800000-1800000uV
02-28 18:19:04.711     0     0 W VMC     : Failed to create debugfs directory
02-28 18:19:04.712     0     0 W VMCH    : Failed to create debugfs directory
02-28 18:19:04.715     0     0 I         : st21nfc_ping done Double Pulse Request
02-28 18:19:04.716     0     0 I mt6360_ldo 5-0064: mt6360_ldo_i2c_probe: successfully probed
02-28 18:19:04.716     0     0 D         : probe of 5-0064 returned 1 after 9239 usecs
02-28 18:19:04.716     0     0 I mt-i2c 11d00000.i2c5: Dropping the link to usb-phy0
02-28 18:19:04.716     0     0 D         : probe of 11d00000.i2c5 returned 1 after 64845 usecs
02-28 18:19:04.716     0     0 I [I2C]id : 6,freq:400000,div:5,ch_offset:0x0,offset_dma:0x0,offset_ccu:0x0,apdma_size:0x1000
02-28 18:19:04.716     0     0 I mt-i2c 11f00000.i2c6: cannot get mux clock
02-28 18:19:04.716     0     0 I mt-i2c 11f00000.i2c6: cannot get p_main clock
02-28 18:19:04.716     0     0 I mt-i2c 11f00000.i2c6: cannot get p_univ clock
02-28 18:19:04.716     0     0 I mt-i2c 11f00000.i2c6: i2c6 clock source 000000002d258966,clock src frequency 24960000
02-28 18:19:04.716     0     0 I i2c 6-0011: Linked as a consumer to pinctrl
02-28 18:19:04.717     0     0 I i2c 6-0028: Linked as a consumer to pinctrl
02-28 18:19:04.717     0     0 I ps5169 6-0028: Find enable
02-28 18:19:04.717     0     0 I ps5169 6-0028: Find disable
02-28 18:19:04.717     0     0 I ps5169 6-0028: ps5169_switch_set 0
02-28 18:19:04.717     0     0 I ps5169 6-0028: ps5169_probe done
02-28 18:19:04.717     0     0 D         : probe of 6-0028 returned 1 after 186 usecs
02-28 18:19:04.717     0     0 E i2c-6   : Failed to register i2c client i2c_lcd_bias at 0x11 (-16)
02-28 18:19:04.717     0     0 E i2c-6   : of_i2c: Failure registering /i2c6@11f00000/i2c_lcd_bias@11
02-28 18:19:04.717     0     0 E i2c-6   : Failed to create I2C device for /i2c6@11f00000/i2c_lcd_bias@11
02-28 18:19:04.717     0     0 I mt-i2c 11f00000.i2c6: Dropping the link to pinctrl
02-28 18:19:04.717     0     0 D         : probe of 11f00000.i2c6 returned 1 after 708 usecs
02-28 18:19:04.717     0     0 I [I2C]id : 7,freq:400000,div:5,ch_offset:0x0,offset_dma:0x0,offset_ccu:0x0,apdma_size:0x1000
02-28 18:19:04.717     0     0 I mt-i2c 11d01000.i2c7: cannot get mux clock
02-28 18:19:04.717     0     0 I mt-i2c 11d01000.i2c7: cannot get p_main clock
02-28 18:19:04.717     0     0 I mt-i2c 11d01000.i2c7: cannot get p_univ clock
02-28 18:19:04.717     0     0 I mt-i2c 11d01000.i2c7: i2c7 clock source 00000000b14afd83,clock src frequency 24960000
02-28 18:19:04.717     0     0 I i2c 7-0034: Linked as a consumer to pinctrl
02-28 18:19:04.717     0     0 I i2c 7-0035: Linked as a consumer to pinctrl
02-28 18:19:04.717     0     0 I i2c 7-0051: Linked as a consumer to pinctrl
02-28 18:19:04.717     0     0 I mt-i2c 11d01000.i2c7: Dropping the link to pinctrl
02-28 18:19:04.717     0     0 D         : probe of 11d01000.i2c7 returned 1 after 556 usecs
02-28 18:19:04.717     0     0 I [I2C]id : 8,freq:400000,div:5,ch_offset:0x0,offset_dma:0x0,offset_ccu:0x0,apdma_size:0x1000
02-28 18:19:04.717     0     0 I mt-i2c 11d02000.i2c8: cannot get mux clock
02-28 18:19:04.717     0     0 I mt-i2c 11d02000.i2c8: cannot get p_main clock
02-28 18:19:04.717     0     0 I mt-i2c 11d02000.i2c8: cannot get p_univ clock
02-28 18:19:04.717     0     0 I mt-i2c 11d02000.i2c8: i2c8 clock source 000000007b961747,clock src frequency 24960000
02-28 18:19:04.718     0     0 D         : probe of 11d02000.i2c8 returned 1 after 241 usecs
02-28 18:19:04.718     0     0 I [I2C]id : 9,freq:400000,div:5,ch_offset:0x0,offset_dma:0x0,offset_ccu:0x0,apdma_size:0x1000
02-28 18:19:04.718     0     0 I mt-i2c 11d03000.i2c9: cannot get mux clock
02-28 18:19:04.718     0     0 I mt-i2c 11d03000.i2c9: cannot get p_main clock
02-28 18:19:04.718     0     0 I mt-i2c 11d03000.i2c9: cannot get p_univ clock
02-28 18:19:04.718     0     0 I mt-i2c 11d03000.i2c9: i2c9 clock source 0000000046ea1480,clock src frequency 24960000
02-28 18:19:04.718     0     0 D         : probe of 9-0051 returned 1 after 59 usecs
02-28 18:19:04.718     0     0 I         : MAINAF [AF_i2c_probe] Start
02-28 18:19:04.718     0     0 I         : MAINAF [Register_AF_CharDrv] Start
02-28 18:19:04.718     0     0 I         : MAINAF [Register_AF_CharDrv] End
02-28 18:19:04.718     0     0 I         : MAINAF [AF_i2c_probe] Attached!!
02-28 18:19:04.718     0     0 D         : probe of 9-000c returned 1 after 63 usecs
02-28 18:19:04.718     0     0 D         : probe of 11d03000.i2c9 returned 1 after 478 usecs
02-28 18:19:04.718     0     0 I [I2C]id : 10,freq:400000,div:5,ch_offset:0x0,offset_dma:0x0,offset_ccu:0x0,apdma_size:0x1000
02-28 18:19:04.718     0     0 I mt-i2c 11280000.i2c10: cannot get mux clock
02-28 18:19:04.718     0     0 I mt-i2c 11280000.i2c10: cannot get p_main clock
02-28 18:19:04.718     0     0 I mt-i2c 11280000.i2c10: cannot get p_univ clock
02-28 18:19:04.718     0     0 I mt-i2c 11280000.i2c10: i2c10 clock source 0000000092711951,clock src frequency 24960000
02-28 18:19:04.718     0     0 D         : probe of 11280000.i2c10 returned 1 after 231 usecs
02-28 18:19:04.718     0     0 I [I2C]id : 11,freq:400000,div:5,ch_offset:0x0,offset_dma:0x0,offset_ccu:0x0,apdma_size:0x1000
02-28 18:19:04.718     0     0 I mt-i2c 11281000.i2c11: cannot get mux clock
02-28 18:19:04.718     0     0 I mt-i2c 11281000.i2c11: cannot get p_main clock
02-28 18:19:04.718     0     0 I mt-i2c 11281000.i2c11: cannot get p_univ clock
02-28 18:19:04.718     0     0 I mt-i2c 11281000.i2c11: i2c11 clock source 00000000b2e0cc0c,clock src frequency 24960000
02-28 18:19:04.719     0     0 I i2c 11-0035: Linked as a consumer to pinctrl
02-28 18:19:04.719     0     0 I i2c 11-0051: Linked as a consumer to pinctrl
02-28 18:19:04.719     0     0 I mt-i2c 11281000.i2c11: Dropping the link to pinctrl
02-28 18:19:04.719     0     0 D         : probe of 11281000.i2c11 returned 1 after 589 usecs
02-28 18:19:04.719     0     0 D         : initcall 0xffffff91e1aa0f50 returned 0 after 159442 usecs
02-28 18:19:04.719     0     0 D         : calling  0xffffff91e1aa0628 @ 1
02-28 18:19:04.720     0     0 I         : [VCU] vdec_log_info 00000000e763bad1 1024 vcuid 0 vcu_ptr 000000009574ebfa
02-28 18:19:04.720     0     0 I         : [cmdq][err] no gce-event-names property or no such event:vdec_lat_pic_start @cmdq_dev_get_event,361
02-28 18:19:04.720     0     0 I         : [cmdq][err] no gce-event-names property or no such event:vdec_lat_decode_done @cmdq_dev_get_event,361
02-28 18:19:04.720     0     0 I         : [cmdq][err] no gce-event-names property or no such event:vdec_lat_pause @cmdq_dev_get_event,361
02-28 18:19:04.720     0     0 I         : [cmdq][err] no gce-event-names property or no such event:vdec_lat_dec_error @cmdq_dev_get_event,361
02-28 18:19:04.720     0     0 I         : [cmdq][err] no gce-event-names property or no such event:vdec_lat_mc_busy_overflow_timeout @cmdq_dev_get_event,361
02-28 18:19:04.720     0     0 I         : [cmdq][err] no gce-event-names property or no such event:vdec_lat_all_dram_req_done @cmdq_dev_get_event,361
02-28 18:19:04.720     0     0 I         : [cmdq][err] no gce-event-names property or no such event:vdec_lat_ini_fetch_rdy @cmdq_dev_get_event,361
02-28 18:19:04.720     0     0 I         : [cmdq][err] no gce-event-names property or no such event:vdec_lat_process_flag @cmdq_dev_get_event,361
02-28 18:19:04.720     0     0 I         : [cmdq][err] no gce-event-names property or no such event:vdec_lat_search_start_code_done @cmdq_dev_get_event,361
02-28 18:19:04.720     0     0 I         : [cmdq][err] no gce-event-names property or no such event:vdec_lat_ref_reorder_done @cmdq_dev_get_event,361
02-28 18:19:04.720     0     0 I         : [cmdq][err] no gce-event-names property or no such event:vdec_lat_wp_tble_done @cmdq_dev_get_event,361
02-28 18:19:04.720     0     0 I         : [cmdq][err] no gce-event-names property or no such event:vdec_lat_count_sram_clr_done @cmdq_dev_get_event,361
02-28 18:19:04.720     0     0 I         : [cmdq][err] no gce-event-names property or no such event:vdec_lat_gce_cnt_op_threshold @cmdq_dev_get_event,361
02-28 18:19:04.720     0     0 I         : [cmdq][err] no gce-event-names property or no such event:venc_eof_c1 @cmdq_dev_get_event,361
02-28 18:19:04.720     0     0 I         : [cmdq][err] no gce-event-names property or no such event:venc_wp_2nd_done @cmdq_dev_get_event,361
02-28 18:19:04.720     0     0 I         : [cmdq][err] no gce-event-names property or no such event:venc_wp_3nd_done @cmdq_dev_get_event,361
02-28 18:19:04.720     0     0 D         : probe of 16000000.vcu returned 1 after 659 usecs
02-28 18:19:04.720     0     0 D         : initcall 0xffffff91e1aa0628 returned 0 after 1363 usecs
02-28 18:19:04.720     0     0 D         : calling  0xffffff91e1a9fe98 @ 1
02-28 18:19:04.722     0     0 I         : [MTK_V4L2] level=0 mtk_vcodec_dec_probe(),384: decoder registered as /dev/video1
02-28 18:19:04.722     0     0 D         : probe of 1602f000.vdec returned 1 after 598 usecs
02-28 18:19:04.722     0     0 E mtk-vcodec-dec 16010000.vdec_gcon: [VCU] can't get vcu node
02-28 18:19:04.722     0     0 E [MTK_V4L2][ERROR] mtk_vcodec_dec_probe: 264: [VCU] vcu device in not ready
02-28 18:19:04.722     0     0 D         : probe of 16010000.vdec_gcon returned 0 after 28 usecs
02-28 18:19:04.722     0     0 D         : initcall 0xffffff91e1a9fe98 returned 0 after 2044 usecs
02-28 18:19:04.722     0     0 D         : calling  0xffffff91e1a9fe9c @ 1
02-28 18:19:04.724     0     0 E mtk-vcodec-enc 17000000.venc_gcon: [VCU] can't get vcu node
02-28 18:19:04.724     0     0 E [MTK_V4L2][ERROR] mtk_vcodec_enc_probe: 253: [VCU] vcu device in not ready
02-28 18:19:04.724     0     0 D         : probe of 17000000.venc_gcon returned 0 after 31 usecs
02-28 18:19:04.724     0     0 I         : [MTK_V4L2] level=0 mtk_vcodec_enc_probe(),362: encoder registered as /dev/video2
02-28 18:19:04.724     0     0 D         : probe of 17020000.venc returned 1 after 584 usecs
02-28 18:19:04.725     0     0 D         : initcall 0xffffff91e1a9fe9c returned 0 after 2042 usecs
02-28 18:19:04.725     0     0 D         : calling  0xffffff91e1aa0718 @ 1
02-28 18:19:04.725     0     0 I         : jpeg 1 core platform
02-28 18:19:07.822   507   507 W vold    : [libfs_mgr] Warning: unknown flag: resize
02-28 18:19:04.725     0     0 I         : mtk_jpeg_probe irq0 144
02-28 18:19:04.725     0     0 I         : jpeg_clk_init id 7
02-28 18:19:04.725     0     0 I         : freq 0  270
02-28 18:19:04.725     0     0 I         : freq 1  1ca
02-28 18:19:04.725     0     0 I         : freq 2  157
02-28 18:19:04.725     0     0 I         : freq 3  f9
02-28 18:19:04.725     0     0 I mtk-jpeg 17030000.jpgenc: jpeg device 0 registered as /dev/video3 (81,3)
02-28 18:19:04.725     0     0 D         : probe of 17030000.jpgenc returned 1 after 285 usecs
02-28 18:19:04.725     0     0 D         : initcall 0xffffff91e1aa0718 returned 0 after 911 usecs
02-28 18:19:04.726     0     0 D         : calling  0xffffff91e1a9fea0 @ 1
02-28 18:19:04.726     0     0 D         : probe of 10007000.toprgu:reboot-mode returned 1 after 90 usecs
02-28 18:19:04.726     0     0 D         : initcall 0xffffff91e1a9fea0 returned 0 after 332 usecs
02-28 18:19:04.726     0     0 D         : calling  0xffffff91e1aa0764 @ 1
02-28 18:19:04.726     0     0 I bat_plug: 1 chr:1 info:0xe
02-28 18:19:04.726     0     0 I mt6358_misc: mtk_rtc_get_spare_register: cmd[14], get rg[0x24, 0xff , 8] = 0x40
02-28 18:19:04.726     0     0 I mt6358_misc: mtk_rtc_get_spare_register: cmd[0], get rg[0x2a, 0xff , 8] = 0x0
02-28 18:19:04.726     0     0 I         : [fgauge_read_RTC_boot_status] rtc_invalid 1 plugout 1 plugout_time 31 spare3 0x0 spare0 0x40 hw_id 0x5930
02-28 18:19:04.726     0     0 I         : [fgauge_get_profile_id]Battery id=(0) en:0,0
02-28 18:19:04.726     0     0 I         : fg active table:5
02-28 18:19:04.726     0     0 I         : [fgauge_get_profile_id]Battery id=(0) en:0,0
02-28 18:19:04.726     0     0 I         : fg_custom_init_from_dts
02-28 18:19:04.726     0     0 I         : Fail to get ntc type from dts.Keep default value
02-28 18:19:04.726     0     0 I         : RBAT_TYPE=10, RBAT_PULL_UP_R=24000
02-28 18:19:04.726     0     0 I         : fg active table:5
02-28 18:19:04.727     0     0 I         : 10000  10000  10000  10000  10000
02-28 18:19:04.727     0     0 I         : 10000  10000  10000  10000  10000
02-28 18:19:04.727     0     0 I         : 10000  10000  10000  10000  10000
02-28 18:19:04.727     0     0 I         : 10000  10000  10000  10000  10000
02-28 18:19:04.727     0     0 I         : 10000  10000  10000  10000  10000
02-28 18:19:04.727     0     0 I         : 10000  10000  10000  10000  10000
02-28 18:19:04.727     0     0 I         : 10000  10000  10000  10000  10000
02-28 18:19:04.727     0     0 I         : 10000  10000  10000  10000  10000
02-28 18:19:04.727     0     0 I         : 10000  10000  10000  10000  10000
02-28 18:19:04.727     0     0 I         : 10000  10000  10000  10000  10000
02-28 18:19:04.727     0     0 I g_FG_charge_PSEUDO100_row: 0 g_FG_charge_PSEUDO100_col:0
02-28 18:19:04.727     0     0 I         : 10000  10000  10000  10000  10000
02-28 18:19:04.727     0     0 I         : 10000  10000  10000  10000  10000
02-28 18:19:04.727     0     0 I         : 10000  10000  10000  10000  10000
02-28 18:19:04.727     0     0 I         : 10000  10000  10000  10000  10000
02-28 18:19:04.727     0     0 I         : 10000  10000  10000  10000  10000
02-28 18:19:04.727     0     0 I         : 10000  10000  10000  10000  10000
02-28 18:19:04.727     0     0 I         : 10000  10000  10000  10000  10000
02-28 18:19:04.727     0     0 I         : 10000  10000  10000  10000  10000
02-28 18:19:04.727     0     0 I         : 10000  10000  10000  10000  10000
02-28 18:19:04.727     0     0 I         : 10000  10000  10000  10000  10000
02-28 18:19:04.727     0     0 I fg_custom_parse_table: battery0_profile_t0, 100, column:3
02-28 18:19:04.727     0     0 I fg_custom_parse_table: battery0_profile_t1, 100, column:3
02-28 18:19:04.727     0     0 I fg_custom_parse_table: battery0_profile_t2, 100, column:3
02-28 18:19:04.727     0     0 I fg_custom_parse_table: battery0_profile_t3, 100, column:3
02-28 18:19:04.728     0     0 I fg_custom_parse_table: battery0_profile_t4, 100, column:3
02-28 18:19:04.728     0     0 I         : [pmic_register_interrupt_callback] intNo=81, callback=0xffffff91e1aa6624
02-28 18:19:04.728     0     0 I         : [pmic_register_interrupt_callback] intNo=80, callback=0xffffff91e1aa6624
02-28 18:19:04.728     0     0 E         : ti bms_psy not ready, can't get battery psy props!
02-28 18:19:04.729     0     0 I         : [PMIC] [pmic_enable_interrupt] No callback at intNo=117
02-28 18:19:04.729     0     0 I         : [PMIC] [pmic_enable_interrupt] No callback at intNo=116
02-28 18:19:04.730     0     0 I         : mtk_power_misc_init INIT done, init:1
02-28 18:19:04.730     0     0 I         : [pmic_register_interrupt_callback] intNo=121, callback=0xffffff91e1aa6438
02-28 18:19:04.730     0     0 I         : [pmic_register_interrupt_callback] intNo=84, callback=0xffffff91e1aa6478
02-28 18:19:04.730     0     0 I         : [pmic_register_interrupt_callback] intNo=87, callback=0xffffff91e1aa689c
02-28 18:19:04.730     0     0 I         : [pmic_register_interrupt_callback] intNo=88, callback=0xffffff91e1aa6980
02-28 18:19:04.730     0     0 I         : [pmic_register_interrupt_callback] intNo=89, callback=0xffffff91e1aa6c5c
02-28 18:19:04.730     0     0 I         : [pmic_register_interrupt_callback] intNo=99, callback=0xffffff91e1aa6850
02-28 18:19:04.730     0     0 I         : [pmic_register_interrupt_callback] intNo=116, callback=0xffffff91e1aa683c
02-28 18:19:04.730     0     0 I         : [pmic_register_interrupt_callback] intNo=117, callback=0xffffff91e1aa67f0
02-28 18:19:04.730     0     0 I         : [pmic_register_interrupt_callback] intNo=114, callback=0xffffff91e1aa6344
02-28 18:19:04.730     0     0 I         : [pmic_register_interrupt_callback] intNo=115, callback=0xffffff91e1aa6bd8
02-28 18:19:04.730     0     0 I mt6358_misc: mtk_rtc_get_spare_register: cmd[0], get rg[0x2a, 0xff , 8] = 0x0
02-28 18:19:04.730     0     0 I         : [fgauge_read_boot_battery_plug_out_status] rtc_invalid 1 plugout 1 bat_plug_out_time 31 sp3:0x0 pl:0 0
02-28 18:19:04.730     0     0 I         : [BAT_probe] power_supply_register Battery Success !!
02-28 18:19:04.730     0     0 I         : fg_swocv_v = 0 len 1 fg_swocv_v_tmp 0 ptim_lk_v[0]
02-28 18:19:04.730     0     0 I         : fg_swocv_i = 0 len 1 fg_swocv_i_tmp 0 ptim_lk_i[0]
02-28 18:19:04.730     0     0 I         : shutdown_time = 0 len 1 shutdown_time_tmp 0 pl_shutdown_time[0]
02-28 18:19:04.730     0     0 I         : boot_voltage=0\DF len 1 boot_voltage_tmp 0 pl_bat_vol[0]
02-28 18:19:04.730     0     0 I         : disable GM 3.0
02-28 18:19:04.730     0     0 I         : mt635x-auxadc mt635x-auxadc: name:BATADC, channel=0, adc_out=0x56b5, adc_result=4267
02-28 18:19:04.731     0     0 D         : probe of battery returned 1 after 4717 usecs
02-28 18:19:04.731     0     0 I [battery_init] Initialization: DONE
02-28 18:19:04.731     0     0 D         : initcall 0xffffff91e1aa0764 returned 0 after 4884 usecs
02-28 18:19:04.731     0     0 D         : calling  0xffffff91e1aa0f18 @ 1
02-28 18:19:04.731     0     0 I         : mt_charger_probe
02-28 18:19:04.731     0     0 I         : product_name = 1, ruby = 1, rubypro = 0, rubyplus = 0
02-28 18:19:04.731     0     0 I         : mt_charger_probe KPOC(0)
02-28 18:19:04.731     0     0 I chgdet_task_threadfn: ++
02-28 18:19:04.731     0     0 I         : mt_charger_probe done
02-28 18:19:04.731     0     0 D         : probe of mt_charger returned 1 after 514 usecs
02-28 18:19:04.732     0     0 D         : initcall 0xffffff91e1aa0f18 returned 0 after 769 usecs
02-28 18:19:04.732     0     0 D         : calling  0xffffff91e1aa073c @ 1
02-28 18:19:04.732     0     0 I adapter_device_register: name=pd_adapter
02-28 18:19:04.732     0     0 I mtk_pd_adapter_probe: tcpc device not ready, defer
02-28 18:19:04.732     0     0 D         : probe of pd_adapter returned 0 after 114 usecs
02-28 18:19:04.732     0     0 D         : initcall 0xffffff91e1aa073c returned 0 after 362 usecs
02-28 18:19:04.732     0     0 D         : calling  0xffffff91e1aa0708 @ 1
02-28 18:19:04.732     0     0 D         : initcall 0xffffff91e1aa0708 returned 0 after 240 usecs
02-28 18:19:04.732     0     0 D         : calling  0xffffff91e1a9fea4 @ 1
02-28 18:19:04.732     0     0 D         : probe of 0-0067 returned 0 after 96 usecs
02-28 18:19:04.732     0     0 D         : probe of 0-0066 returned 0 after 12 usecs
