01-01 00:07:53.776     1     1 I auditd  : type=1107 audit(0.0:4): uid=0 auid=4294967295 ses=4294967295 subj=u:r:init:s0 msg='avc:  denied  { set } for property=ro.mtk_cam_stereo_camera_support pid=1 uid=0 gid=0 scontext=u:r:vendor_init:s0 tcontext=u:object_r:default_prop:s0 tclass=property_service permissive=0'
01-01 00:07:53.776     1     1 I auditd  : type=1107 audit(0.0:5): uid=0 auid=4294967295 ses=4294967295 subj=u:r:init:s0 msg='avc:  denied  { set } for property=ro.sf.blurs_are_expensive pid=1 uid=0 gid=0 scontext=u:r:vendor_init:s0 tcontext=u:object_r:default_prop:s0 tclass=property_service permissive=0'
01-01 00:07:53.864     1     1 I auditd  : type=1107 audit(0.0:6): uid=0 auid=4294967295 ses=4294967295 subj=u:r:init:s0 msg='avc:  denied  { read } for property=vts.native_server.on pid=0 uid=0 gid=0 scontext=u:r:vendor_init:s0 tcontext=u:object_r:vts_status_prop:s0 tclass=file permissive=0'
01-01 00:07:53.864     1     1 I auditd  : type=1107 audit(0.0:7): uid=0 auid=4294967295 ses=4294967295 subj=u:r:init:s0 msg='avc:  denied  { read } for property=vts.native_server.on pid=0 uid=0 gid=0 scontext=u:r:vendor_init:s0 tcontext=u:object_r:vts_status_prop:s0 tclass=file permissive=0'
01-01 00:07:53.864     1     1 I auditd  : type=1107 audit(0.0:8): uid=0 auid=4294967295 ses=4294967295 subj=u:r:init:s0 msg='avc:  denied  { read } for property=vts.native_server.on pid=0 uid=0 gid=0 scontext=u:r:vendor_init:s0 tcontext=u:object_r:vts_status_prop:s0 tclass=file permissive=0'
01-01 00:07:53.864     1     1 I auditd  : type=1107 audit(0.0:9): uid=0 auid=4294967295 ses=4294967295 subj=u:r:init:s0 msg='avc:  denied  { read } for property=vts.native_server.on pid=0 uid=0 gid=0 scontext=u:r:vendor_init:s0 tcontext=u:object_r:vts_status_prop:s0 tclass=file permissive=0'
01-01 00:08:02.136   426   426 I auditd  : type=1400 audit(0.0:10): avc:  denied  { write } for  comm="init" name="vendor_de" dev="dm-36" ino=137 scontext=u:r:vendor_init:s0 tcontext=u:object_r:vendor_userdir_file:s0 tclass=dir permissive=0
01-01 00:08:02.220   426   426 I auditd  : type=1400 audit(0.0:11): avc:  denied  { write } for  comm="init" name="vendor_de" dev="dm-36" ino=137 scontext=u:r:vendor_init:s0 tcontext=u:object_r:vendor_userdir_file:s0 tclass=dir permissive=0
01-01 00:08:02.464   718   718 I auditd  : type=1400 audit(0.0:12): avc:  denied  { read } for  comm="android.hardwar" name="type" dev="sysfs" ino=45783 scontext=u:r:hal_health_default:s0 tcontext=u:object_r:sysfs:s0 tclass=file permissive=0
01-01 00:08:02.464   718   718 I auditd  : type=1400 audit(0.0:13): avc:  denied  { read } for  comm="android.hardwar" name="type" dev="sysfs" ino=45873 scontext=u:r:hal_health_default:s0 tcontext=u:object_r:sysfs:s0 tclass=file permissive=0
01-01 00:08:02.488   718   718 I auditd  : type=1400 audit(0.0:14): avc:  denied  { read } for  comm="android.hardwar" name="type" dev="sysfs" ino=45783 scontext=u:r:hal_health_default:s0 tcontext=u:object_r:sysfs:s0 tclass=file permissive=0
01-01 00:08:02.488   718   718 I auditd  : type=1400 audit(0.0:15): avc:  denied  { read } for  comm="android.hardwar" name="type" dev="sysfs" ino=45873 scontext=u:r:hal_health_default:s0 tcontext=u:object_r:sysfs:s0 tclass=file permissive=0
01-01 00:08:02.492   718   718 I auditd  : type=1400 audit(0.0:16): avc:  denied  { read } for  comm="android.hardwar" name="type" dev="sysfs" ino=45783 scontext=u:r:hal_health_default:s0 tcontext=u:object_r:sysfs:s0 tclass=file permissive=0
01-01 00:08:02.492   718   718 I auditd  : type=1400 audit(0.0:17): avc:  denied  { read } for  comm="android.hardwar" name="type" dev="sysfs" ino=45873 scontext=u:r:hal_health_default:s0 tcontext=u:object_r:sysfs:s0 tclass=file permissive=0
01-01 00:08:02.596   743   743 I auditd  : type=1400 audit(0.0:18): avc:  denied  { search } for  comm="vendor.qti.hard" name="soc0" dev="sysfs" ino=25468 scontext=u:r:hal_vibrator_default:s0 tcontext=u:object_r:sysfs_soc:s0 tclass=dir permissive=0
01-01 00:08:02.816   750   750 I auditd  : type=1400 audit(0.0:19): avc:  denied  { read } for  comm="audioserver" name="u:object_r:vendor_default_prop:s0" dev="tmpfs" ino=2450 scontext=u:r:audioserver:s0 tcontext=u:object_r:vendor_default_prop:s0 tclass=file permissive=0
01-01 00:08:02.944     1     1 I auditd  : type=1107 audit(0.0:20): uid=0 auid=4294967295 ses=4294967295 subj=u:r:init:s0 msg='avc:  denied  { set } for property=ro.telephony.sim.count pid=426 uid=0 gid=0 scontext=u:r:vendor_init:s0 tcontext=u:object_r:default_prop:s0 tclass=property_service permissive=0'
01-01 00:08:03.144   750   750 I auditd  : type=1400 audit(0.0:21): avc:  denied  { read } for  comm="audioserver" name="u:object_r:vendor_default_prop:s0" dev="tmpfs" ino=2450 scontext=u:r:audioserver:s0 tcontext=u:object_r:vendor_default_prop:s0 tclass=file permissive=0
01-01 00:08:03.184   750   750 I auditd  : type=1400 audit(0.0:22): avc:  denied  { read } for  comm="audioserver" name="u:object_r:vendor_default_prop:s0" dev="tmpfs" ino=2450 scontext=u:r:audioserver:s0 tcontext=u:object_r:vendor_default_prop:s0 tclass=file permissive=0
01-01 00:08:03.240   931   931 I auditd  : type=1400 audit(0.0:23): avc:  denied  { read } for  comm="android.hardwar" name="u:object_r:default_prop:s0" dev="tmpfs" ino=2164 scontext=u:r:mediacodec:s0 tcontext=u:object_r:default_prop:s0 tclass=file permissive=0
01-01 00:08:03.840   904   904 I auditd  : type=1400 audit(0.0:24): avc:  denied  { read } for  comm="vtservice" name="u:object_r:vendor_default_prop:s0" dev="tmpfs" ino=2450 scontext=u:r:vtservice:s0 tcontext=u:object_r:vendor_default_prop:s0 tclass=file permissive=0
01-01 00:08:03.846   492   492 I auditd  : avc:  denied  { find } for pid=904 uid=1000 name=vendor.mediatek.hardware.videotelephony.IVideoTelephony/default scontext=u:r:vtservice:s0 tcontext=u:object_r:default_android_service:s0 tclass=service_manager permissive=0
01-01 00:08:04.084   718   718 I auditd  : type=1400 audit(0.0:25): avc:  denied  { read } for  comm="android.hardwar" name="type" dev="sysfs" ino=45783 scontext=u:r:hal_health_default:s0 tcontext=u:object_r:sysfs:s0 tclass=file permissive=0
01-01 00:08:04.084   718   718 I auditd  : type=1400 audit(0.0:26): avc:  denied  { read } for  comm="android.hardwar" name="type" dev="sysfs" ino=45873 scontext=u:r:hal_health_default:s0 tcontext=u:object_r:sysfs:s0 tclass=file permissive=0
01-01 00:08:04.084   718   718 I auditd  : type=1400 audit(0.0:27): avc:  denied  { read } for  comm="android.hardwar" name="type" dev="sysfs" ino=45783 scontext=u:r:hal_health_default:s0 tcontext=u:object_r:sysfs:s0 tclass=file permissive=0
01-01 00:08:04.084   718   718 I auditd  : type=1400 audit(0.0:28): avc:  denied  { read } for  comm="android.hardwar" name="type" dev="sysfs" ino=45873 scontext=u:r:hal_health_default:s0 tcontext=u:object_r:sysfs:s0 tclass=file permissive=0
01-01 00:08:04.088   718   718 I auditd  : type=1400 audit(0.0:29): avc:  denied  { read } for  comm="android.hardwar" name="type" dev="sysfs" ino=45783 scontext=u:r:hal_health_default:s0 tcontext=u:object_r:sysfs:s0 tclass=file permissive=0
01-01 00:08:04.088   718   718 I auditd  : type=1400 audit(0.0:30): avc:  denied  { read } for  comm="android.hardwar" name="type" dev="sysfs" ino=45873 scontext=u:r:hal_health_default:s0 tcontext=u:object_r:sysfs:s0 tclass=file permissive=0
01-01 00:08:04.092   718   718 I auditd  : type=1400 audit(0.0:31): avc:  denied  { read } for  comm="android.hardwar" name="type" dev="sysfs" ino=45783 scontext=u:r:hal_health_default:s0 tcontext=u:object_r:sysfs:s0 tclass=file permissive=0
01-01 00:08:04.092   718   718 I auditd  : type=1400 audit(0.0:32): avc:  denied  { read } for  comm="android.hardwar" name="type" dev="sysfs" ino=45873 scontext=u:r:hal_health_default:s0 tcontext=u:object_r:sysfs:s0 tclass=file permissive=0
01-01 00:08:04.640   718   718 I auditd  : type=1400 audit(0.0:33): avc:  denied  { read } for  comm="android.hardwar" name="type" dev="sysfs" ino=45783 scontext=u:r:hal_health_default:s0 tcontext=u:object_r:sysfs:s0 tclass=file permissive=0
01-01 00:08:04.640   718   718 I auditd  : type=1400 audit(0.0:34): avc:  denied  { read } for  comm="android.hardwar" name="type" dev="sysfs" ino=45873 scontext=u:r:hal_health_default:s0 tcontext=u:object_r:sysfs:s0 tclass=file permissive=0
01-01 00:08:04.640   718   718 I auditd  : type=1400 audit(0.0:35): avc:  denied  { read } for  comm="android.hardwar" name="type" dev="sysfs" ino=45783 scontext=u:r:hal_health_default:s0 tcontext=u:object_r:sysfs:s0 tclass=file permissive=0
01-01 00:08:04.640   718   718 I auditd  : type=1400 audit(0.0:36): avc:  denied  { read } for  comm="android.hardwar" name="type" dev="sysfs" ino=45873 scontext=u:r:hal_health_default:s0 tcontext=u:object_r:sysfs:s0 tclass=file permissive=0
01-01 00:08:04.760   932   932 I auditd  : type=1400 audit(0.0:37): avc:  denied  { read } for  comm="camerahalserver" name="u:object_r:default_prop:s0" dev="tmpfs" ino=2164 scontext=u:r:mtk_hal_camera:s0 tcontext=u:object_r:default_prop:s0 tclass=file permissive=0
01-01 00:08:04.760   932   932 I auditd  : type=1400 audit(0.0:38): avc:  denied  { read } for  comm="camerahalserver" name="u:object_r:default_prop:s0" dev="tmpfs" ino=2164 scontext=u:r:mtk_hal_camera:s0 tcontext=u:object_r:default_prop:s0 tclass=file permissive=0
01-01 00:08:04.760   932   932 I auditd  : type=1400 audit(0.0:39): avc:  denied  { read } for  comm="camerahalserver" name="u:object_r:default_prop:s0" dev="tmpfs" ino=2164 scontext=u:r:mtk_hal_camera:s0 tcontext=u:object_r:default_prop:s0 tclass=file permissive=0
01-01 00:08:04.760   932   932 I auditd  : type=1400 audit(0.0:40): avc:  denied  { read } for  comm="camerahalserver" name="u:object_r:default_prop:s0" dev="tmpfs" ino=2164 scontext=u:r:mtk_hal_camera:s0 tcontext=u:object_r:default_prop:s0 tclass=file permissive=0
01-01 00:08:05.004   718   718 I auditd  : type=1400 audit(0.0:41): avc:  denied  { read } for  comm="android.hardwar" name="type" dev="sysfs" ino=45783 scontext=u:r:hal_health_default:s0 tcontext=u:object_r:sysfs:s0 tclass=file permissive=0
01-01 00:08:05.004   718   718 I auditd  : type=1400 audit(0.0:42): avc:  denied  { read } for  comm="android.hardwar" name="type" dev="sysfs" ino=45873 scontext=u:r:hal_health_default:s0 tcontext=u:object_r:sysfs:s0 tclass=file permissive=0
01-01 00:08:05.004   718   718 I auditd  : type=1400 audit(0.0:43): avc:  denied  { read } for  comm="android.hardwar" name="type" dev="sysfs" ino=45783 scontext=u:r:hal_health_default:s0 tcontext=u:object_r:sysfs:s0 tclass=file permissive=0
01-01 00:08:05.004   718   718 I auditd  : type=1400 audit(0.0:44): avc:  denied  { read } for  comm="android.hardwar" name="type" dev="sysfs" ino=45873 scontext=u:r:hal_health_default:s0 tcontext=u:object_r:sysfs:s0 tclass=file permissive=0
01-01 00:08:05.396     1     1 I auditd  : type=1107 audit(0.0:45): uid=0 auid=4294967295 ses=4294967295 subj=u:r:init:s0 msg='avc:  denied  { set } for property=ro.telephony.sim.count pid=426 uid=0 gid=0 scontext=u:r:vendor_init:s0 tcontext=u:object_r:default_prop:s0 tclass=property_service permissive=0'
01-01 00:08:05.396     1     1 W /system/bin/init: type=1107 audit(0.0:45): uid=0 auid=4294967295 ses=4294967295 subj=u:r:init:s0 msg='avc:  denied  { set } for property=ro.telephony.sim.count pid=426 uid=0 gid=0 scontext=u:r:vendor_init:s0 tcontext=u:object_r:default_prop:s0 tclass=property_service permissive=0'
01-01 00:08:05.400  1474  1474 I auditd  : type=1400 audit(0.0:46): avc:  denied  { read } for  comm="mtkfusionrild" name="u:object_r:default_prop:s0" dev="tmpfs" ino=2164 scontext=u:r:rild:s0 tcontext=u:object_r:default_prop:s0 tclass=file permissive=0
01-01 00:08:05.400  1474  1474 W mtkfusionrild: type=1400 audit(0.0:46): avc:  denied  { read } for  name="u:object_r:default_prop:s0" dev="tmpfs" ino=2164 scontext=u:r:rild:s0 tcontext=u:object_r:default_prop:s0 tclass=file permissive=0
01-01 00:08:08.192   718   718 I auditd  : type=1400 audit(0.0:47): avc:  denied  { read } for  comm="android.hardwar" name="type" dev="sysfs" ino=45783 scontext=u:r:hal_health_default:s0 tcontext=u:object_r:sysfs:s0 tclass=file permissive=0
01-01 00:08:08.192   718   718 W android.hardwar: type=1400 audit(0.0:47): avc:  denied  { read } for  name="type" dev="sysfs" ino=45783 scontext=u:r:hal_health_default:s0 tcontext=u:object_r:sysfs:s0 tclass=file permissive=0
01-01 00:08:08.196   718   718 I auditd  : type=1400 audit(0.0:48): avc:  denied  { read } for  comm="android.hardwar" name="type" dev="sysfs" ino=45873 scontext=u:r:hal_health_default:s0 tcontext=u:object_r:sysfs:s0 tclass=file permissive=0
01-01 00:08:08.196   718   718 W android.hardwar: type=1400 audit(0.0:48): avc:  denied  { read } for  name="type" dev="sysfs" ino=45873 scontext=u:r:hal_health_default:s0 tcontext=u:object_r:sysfs:s0 tclass=file permissive=0
01-01 00:08:11.944   545   545 I auditd  : type=1400 audit(0.0:49): avc:  denied  { read } for  comm="binder:545_3" name="wakeup164" dev="sysfs" ino=49385 scontext=u:r:system_suspend:s0 tcontext=u:object_r:vendor_sysfs_fingerprint:s0 tclass=dir permissive=0
01-01 00:08:11.944   545   545 W binder:545_3: type=1400 audit(0.0:49): avc:  denied  { read } for  name="wakeup164" dev="sysfs" ino=49385 scontext=u:r:system_suspend:s0 tcontext=u:object_r:vendor_sysfs_fingerprint:s0 tclass=dir permissive=0
01-01 00:08:11.972   545   545 I auditd  : type=1400 audit(0.0:50): avc:  denied  { read } for  comm="binder:545_3" name="wakeup142" dev="sysfs" ino=45921 scontext=u:r:system_suspend:s0 tcontext=u:object_r:sysfs:s0 tclass=dir permissive=0
01-01 00:08:11.972   545   545 W binder:545_3: type=1400 audit(0.0:50): avc:  denied  { read } for  name="wakeup142" dev="sysfs" ino=45921 scontext=u:r:system_suspend:s0 tcontext=u:object_r:sysfs:s0 tclass=dir permissive=0
01-01 00:08:11.976   545   545 I auditd  : type=1400 audit(0.0:51): avc:  denied  { read } for  comm="binder:545_3" name="wakeup140" dev="sysfs" ino=45831 scontext=u:r:system_suspend:s0 tcontext=u:object_r:sysfs:s0 tclass=dir permissive=0
01-01 00:08:11.976   545   545 W binder:545_3: type=1400 audit(0.0:51): avc:  denied  { read } for  name="wakeup140" dev="sysfs" ino=45831 scontext=u:r:system_suspend:s0 tcontext=u:object_r:sysfs:s0 tclass=dir permissive=0
01-01 00:08:11.980   545   545 I auditd  : type=1400 audit(0.0:52): avc:  denied  { read } for  comm="binder:545_3" name="wakeup139" dev="sysfs" ino=45806 scontext=u:r:system_suspend:s0 tcontext=u:object_r:sysfs:s0 tclass=dir permissive=0
01-01 00:08:11.980   545   545 W binder:545_3: type=1400 audit(0.0:52): avc:  denied  { read } for  name="wakeup139" dev="sysfs" ino=45806 scontext=u:r:system_suspend:s0 tcontext=u:object_r:sysfs:s0 tclass=dir permissive=0
01-01 00:08:11.996   545   545 I auditd  : type=1400 audit(0.0:53): avc:  denied  { read } for  comm="binder:545_3" name="wakeup141" dev="sysfs" ino=45896 scontext=u:r:system_suspend:s0 tcontext=u:object_r:sysfs:s0 tclass=dir permissive=0
01-01 00:08:11.996   545   545 W binder:545_3: type=1400 audit(0.0:53): avc:  denied  { read } for  name="wakeup141" dev="sysfs" ino=45896 scontext=u:r:system_suspend:s0 tcontext=u:object_r:sysfs:s0 tclass=dir permissive=0
01-01 00:08:13.384   718   718 I auditd  : type=1400 audit(0.0:54): avc:  denied  { read } for  comm="android.hardwar" name="type" dev="sysfs" ino=45783 scontext=u:r:hal_health_default:s0 tcontext=u:object_r:sysfs:s0 tclass=file permissive=0
01-01 00:08:13.384   718   718 W android.hardwar: type=1400 audit(0.0:54): avc:  denied  { read } for  name="type" dev="sysfs" ino=45783 scontext=u:r:hal_health_default:s0 tcontext=u:object_r:sysfs:s0 tclass=file permissive=0
01-01 00:08:13.384   718   718 I auditd  : type=1400 audit(0.0:55): avc:  denied  { read } for  comm="android.hardwar" name="type" dev="sysfs" ino=45873 scontext=u:r:hal_health_default:s0 tcontext=u:object_r:sysfs:s0 tclass=file permissive=0
01-01 00:08:13.384   718   718 W android.hardwar: type=1400 audit(0.0:55): avc:  denied  { read } for  name="type" dev="sysfs" ino=45873 scontext=u:r:hal_health_default:s0 tcontext=u:object_r:sysfs:s0 tclass=file permissive=0
01-01 00:08:13.388   718   718 I auditd  : type=1400 audit(0.0:56): avc:  denied  { read } for  comm="android.hardwar" name="type" dev="sysfs" ino=45783 scontext=u:r:hal_health_default:s0 tcontext=u:object_r:sysfs:s0 tclass=file permissive=0
01-01 00:08:13.388   718   718 W android.hardwar: type=1400 audit(0.0:56): avc:  denied  { read } for  name="type" dev="sysfs" ino=45783 scontext=u:r:hal_health_default:s0 tcontext=u:object_r:sysfs:s0 tclass=file permissive=0
01-01 00:08:13.388   718   718 I auditd  : type=1400 audit(0.0:57): avc:  denied  { read } for  comm="android.hardwar" name="type" dev="sysfs" ino=45873 scontext=u:r:hal_health_default:s0 tcontext=u:object_r:sysfs:s0 tclass=file permissive=0
01-01 00:08:13.388   718   718 W android.hardwar: type=1400 audit(0.0:57): avc:  denied  { read } for  name="type" dev="sysfs" ino=45873 scontext=u:r:hal_health_default:s0 tcontext=u:object_r:sysfs:s0 tclass=file permissive=0
01-01 00:08:18.328   718   718 I auditd  : type=1400 audit(0.0:58): avc:  denied  { read } for  comm="android.hardwar" name="type" dev="sysfs" ino=45783 scontext=u:r:hal_health_default:s0 tcontext=u:object_r:sysfs:s0 tclass=file permissive=0
01-01 00:08:18.328   718   718 W android.hardwar: type=1400 audit(0.0:58): avc:  denied  { read } for  name="type" dev="sysfs" ino=45783 scontext=u:r:hal_health_default:s0 tcontext=u:object_r:sysfs:s0 tclass=file permissive=0
01-01 00:08:18.328   718   718 I auditd  : type=1400 audit(0.0:59): avc:  denied  { read } for  comm="android.hardwar" name="type" dev="sysfs" ino=45873 scontext=u:r:hal_health_default:s0 tcontext=u:object_r:sysfs:s0 tclass=file permissive=0
01-01 00:08:18.328   718   718 W android.hardwar: type=1400 audit(0.0:59): avc:  denied  { read } for  name="type" dev="sysfs" ino=45873 scontext=u:r:hal_health_default:s0 tcontext=u:object_r:sysfs:s0 tclass=file permissive=0
01-01 00:08:18.332   718   718 I auditd  : type=1400 audit(0.0:60): avc:  denied  { read } for  comm="android.hardwar" name="type" dev="sysfs" ino=45783 scontext=u:r:hal_health_default:s0 tcontext=u:object_r:sysfs:s0 tclass=file permissive=0
01-01 00:08:18.332   718   718 W android.hardwar: type=1400 audit(0.0:60): avc:  denied  { read } for  name="type" dev="sysfs" ino=45783 scontext=u:r:hal_health_default:s0 tcontext=u:object_r:sysfs:s0 tclass=file permissive=0
01-01 00:08:18.332   718   718 I auditd  : type=1400 audit(0.0:61): avc:  denied  { read } for  comm="android.hardwar" name="type" dev="sysfs" ino=45873 scontext=u:r:hal_health_default:s0 tcontext=u:object_r:sysfs:s0 tclass=file permissive=0
01-01 00:08:18.332   718   718 W android.hardwar: type=1400 audit(0.0:61): avc:  denied  { read } for  name="type" dev="sysfs" ino=45873 scontext=u:r:hal_health_default:s0 tcontext=u:object_r:sysfs:s0 tclass=file permissive=0
03-06 06:06:55.524   718   718 I auditd  : type=1400 audit(0.0:62): avc:  denied  { read } for  comm="android.hardwar" name="type" dev="sysfs" ino=45783 scontext=u:r:hal_health_default:s0 tcontext=u:object_r:sysfs:s0 tclass=file permissive=0
03-06 06:06:55.524   718   718 W android.hardwar: type=1400 audit(0.0:62): avc:  denied  { read } for  name="type" dev="sysfs" ino=45783 scontext=u:r:hal_health_default:s0 tcontext=u:object_r:sysfs:s0 tclass=file permissive=0
03-06 06:06:55.524   718   718 I auditd  : type=1400 audit(0.0:63): avc:  denied  { read } for  comm="android.hardwar" name="type" dev="sysfs" ino=45873 scontext=u:r:hal_health_default:s0 tcontext=u:object_r:sysfs:s0 tclass=file permissive=0
03-06 06:06:55.524   718   718 W android.hardwar: type=1400 audit(0.0:63): avc:  denied  { read } for  name="type" dev="sysfs" ino=45873 scontext=u:r:hal_health_default:s0 tcontext=u:object_r:sysfs:s0 tclass=file permissive=0
03-06 06:06:55.528   718   718 I auditd  : type=1400 audit(0.0:64): avc:  denied  { read } for  comm="android.hardwar" name="type" dev="sysfs" ino=45783 scontext=u:r:hal_health_default:s0 tcontext=u:object_r:sysfs:s0 tclass=file permissive=0
03-06 06:06:55.528   718   718 W android.hardwar: type=1400 audit(0.0:64): avc:  denied  { read } for  name="type" dev="sysfs" ino=45783 scontext=u:r:hal_health_default:s0 tcontext=u:object_r:sysfs:s0 tclass=file permissive=0
03-06 06:06:55.528   718   718 I auditd  : type=1400 audit(0.0:65): avc:  denied  { read } for  comm="android.hardwar" name="type" dev="sysfs" ino=45873 scontext=u:r:hal_health_default:s0 tcontext=u:object_r:sysfs:s0 tclass=file permissive=0
03-06 06:06:55.528   718   718 W android.hardwar: type=1400 audit(0.0:65): avc:  denied  { read } for  name="type" dev="sysfs" ino=45873 scontext=u:r:hal_health_default:s0 tcontext=u:object_r:sysfs:s0 tclass=file permissive=0
03-06 06:07:03.716   718   718 I auditd  : type=1400 audit(0.0:66): avc:  denied  { read } for  comm="android.hardwar" name="type" dev="sysfs" ino=45783 scontext=u:r:hal_health_default:s0 tcontext=u:object_r:sysfs:s0 tclass=file permissive=0
03-06 06:07:03.716   718   718 W android.hardwar: type=1400 audit(0.0:66): avc:  denied  { read } for  name="type" dev="sysfs" ino=45783 scontext=u:r:hal_health_default:s0 tcontext=u:object_r:sysfs:s0 tclass=file permissive=0
03-06 06:07:03.720   718   718 I auditd  : type=1400 audit(0.0:67): avc:  denied  { read } for  comm="android.hardwar" name="type" dev="sysfs" ino=45873 scontext=u:r:hal_health_default:s0 tcontext=u:object_r:sysfs:s0 tclass=file permissive=0
03-06 06:07:03.720   718   718 W android.hardwar: type=1400 audit(0.0:67): avc:  denied  { read } for  name="type" dev="sysfs" ino=45873 scontext=u:r:hal_health_default:s0 tcontext=u:object_r:sysfs:s0 tclass=file permissive=0
03-06 06:07:03.724   718   718 I auditd  : type=1400 audit(0.0:68): avc:  denied  { read } for  comm="android.hardwar" name="type" dev="sysfs" ino=45783 scontext=u:r:hal_health_default:s0 tcontext=u:object_r:sysfs:s0 tclass=file permissive=0
03-06 06:07:03.724   718   718 W android.hardwar: type=1400 audit(0.0:68): avc:  denied  { read } for  name="type" dev="sysfs" ino=45783 scontext=u:r:hal_health_default:s0 tcontext=u:object_r:sysfs:s0 tclass=file permissive=0
03-06 06:07:03.724   718   718 I auditd  : type=1400 audit(0.0:69): avc:  denied  { read } for  comm="android.hardwar" name="type" dev="sysfs" ino=45873 scontext=u:r:hal_health_default:s0 tcontext=u:object_r:sysfs:s0 tclass=file permissive=0
03-06 06:07:03.724   718   718 W android.hardwar: type=1400 audit(0.0:69): avc:  denied  { read } for  name="type" dev="sysfs" ino=45873 scontext=u:r:hal_health_default:s0 tcontext=u:object_r:sysfs:s0 tclass=file permissive=0
03-06 06:07:28.288   718   718 I auditd  : type=1400 audit(0.0:70): avc:  denied  { read } for  comm="android.hardwar" name="type" dev="sysfs" ino=45783 scontext=u:r:hal_health_default:s0 tcontext=u:object_r:sysfs:s0 tclass=file permissive=0
03-06 06:07:28.288   718   718 W android.hardwar: type=1400 audit(0.0:70): avc:  denied  { read } for  name="type" dev="sysfs" ino=45783 scontext=u:r:hal_health_default:s0 tcontext=u:object_r:sysfs:s0 tclass=file permissive=0
03-06 06:07:28.288   718   718 I auditd  : type=1400 audit(0.0:71): avc:  denied  { read } for  comm="android.hardwar" name="type" dev="sysfs" ino=45873 scontext=u:r:hal_health_default:s0 tcontext=u:object_r:sysfs:s0 tclass=file permissive=0
03-06 06:07:28.288   718   718 W android.hardwar: type=1400 audit(0.0:71): avc:  denied  { read } for  name="type" dev="sysfs" ino=45873 scontext=u:r:hal_health_default:s0 tcontext=u:object_r:sysfs:s0 tclass=file permissive=0
03-06 06:07:28.292   718   718 I auditd  : type=1400 audit(0.0:72): avc:  denied  { read } for  comm="android.hardwar" name="type" dev="sysfs" ino=45783 scontext=u:r:hal_health_default:s0 tcontext=u:object_r:sysfs:s0 tclass=file permissive=0
03-06 06:07:28.292   718   718 W android.hardwar: type=1400 audit(0.0:72): avc:  denied  { read } for  name="type" dev="sysfs" ino=45783 scontext=u:r:hal_health_default:s0 tcontext=u:object_r:sysfs:s0 tclass=file permissive=0
03-06 06:07:28.292   718   718 I auditd  : type=1400 audit(0.0:73): avc:  denied  { read } for  comm="android.hardwar" name="type" dev="sysfs" ino=45873 scontext=u:r:hal_health_default:s0 tcontext=u:object_r:sysfs:s0 tclass=file permissive=0
03-06 06:07:28.292   718   718 W android.hardwar: type=1400 audit(0.0:73): avc:  denied  { read } for  name="type" dev="sysfs" ino=45873 scontext=u:r:hal_health_default:s0 tcontext=u:object_r:sysfs:s0 tclass=file permissive=0
03-06 06:07:30.404   718   718 I auditd  : type=1400 audit(0.0:74): avc:  denied  { read } for  comm="android.hardwar" name="type" dev="sysfs" ino=45783 scontext=u:r:hal_health_default:s0 tcontext=u:object_r:sysfs:s0 tclass=file permissive=0
03-06 06:07:30.404   718   718 W android.hardwar: type=1400 audit(0.0:74): avc:  denied  { read } for  name="type" dev="sysfs" ino=45783 scontext=u:r:hal_health_default:s0 tcontext=u:object_r:sysfs:s0 tclass=file permissive=0
03-06 06:07:30.404   718   718 I auditd  : type=1400 audit(0.0:75): avc:  denied  { read } for  comm="android.hardwar" name="type" dev="sysfs" ino=45873 scontext=u:r:hal_health_default:s0 tcontext=u:object_r:sysfs:s0 tclass=file permissive=0
03-06 06:07:30.404   718   718 W android.hardwar: type=1400 audit(0.0:75): avc:  denied  { read } for  name="type" dev="sysfs" ino=45873 scontext=u:r:hal_health_default:s0 tcontext=u:object_r:sysfs:s0 tclass=file permissive=0
03-06 06:07:30.408   718   718 I auditd  : type=1400 audit(0.0:76): avc:  denied  { read } for  comm="android.hardwar" name="type" dev="sysfs" ino=45783 scontext=u:r:hal_health_default:s0 tcontext=u:object_r:sysfs:s0 tclass=file permissive=0
03-06 06:07:30.408   718   718 W android.hardwar: type=1400 audit(0.0:76): avc:  denied  { read } for  name="type" dev="sysfs" ino=45783 scontext=u:r:hal_health_default:s0 tcontext=u:object_r:sysfs:s0 tclass=file permissive=0
03-06 06:07:30.412   718   718 I auditd  : type=1400 audit(0.0:77): avc:  denied  { read } for  comm="android.hardwar" name="type" dev="sysfs" ino=45873 scontext=u:r:hal_health_default:s0 tcontext=u:object_r:sysfs:s0 tclass=file permissive=0
03-06 06:07:30.412   718   718 W android.hardwar: type=1400 audit(0.0:77): avc:  denied  { read } for  name="type" dev="sysfs" ino=45873 scontext=u:r:hal_health_default:s0 tcontext=u:object_r:sysfs:s0 tclass=file permissive=0
03-06 06:07:36.480   718   718 I auditd  : type=1400 audit(0.0:78): avc:  denied  { read } for  comm="android.hardwar" name="type" dev="sysfs" ino=45783 scontext=u:r:hal_health_default:s0 tcontext=u:object_r:sysfs:s0 tclass=file permissive=0
03-06 06:07:36.480   718   718 W android.hardwar: type=1400 audit(0.0:78): avc:  denied  { read } for  name="type" dev="sysfs" ino=45783 scontext=u:r:hal_health_default:s0 tcontext=u:object_r:sysfs:s0 tclass=file permissive=0
03-06 06:07:36.480   718   718 I auditd  : type=1400 audit(0.0:79): avc:  denied  { read } for  comm="android.hardwar" name="type" dev="sysfs" ino=45873 scontext=u:r:hal_health_default:s0 tcontext=u:object_r:sysfs:s0 tclass=file permissive=0
03-06 06:07:36.480   718   718 W android.hardwar: type=1400 audit(0.0:79): avc:  denied  { read } for  name="type" dev="sysfs" ino=45873 scontext=u:r:hal_health_default:s0 tcontext=u:object_r:sysfs:s0 tclass=file permissive=0
03-06 06:07:36.484   718   718 I auditd  : type=1400 audit(0.0:80): avc:  denied  { read } for  comm="android.hardwar" name="type" dev="sysfs" ino=45783 scontext=u:r:hal_health_default:s0 tcontext=u:object_r:sysfs:s0 tclass=file permissive=0
03-06 06:07:36.484   718   718 W android.hardwar: type=1400 audit(0.0:80): avc:  denied  { read } for  name="type" dev="sysfs" ino=45783 scontext=u:r:hal_health_default:s0 tcontext=u:object_r:sysfs:s0 tclass=file permissive=0
03-06 06:07:36.488   718   718 I auditd  : type=1400 audit(0.0:81): avc:  denied  { read } for  comm="android.hardwar" name="type" dev="sysfs" ino=45873 scontext=u:r:hal_health_default:s0 tcontext=u:object_r:sysfs:s0 tclass=file permissive=0
03-06 06:07:36.488   718   718 W android.hardwar: type=1400 audit(0.0:81): avc:  denied  { read } for  name="type" dev="sysfs" ino=45873 scontext=u:r:hal_health_default:s0 tcontext=u:object_r:sysfs:s0 tclass=file permissive=0
03-06 06:08:01.052   718   718 I auditd  : type=1400 audit(0.0:82): avc:  denied  { read } for  comm="android.hardwar" name="type" dev="sysfs" ino=45783 scontext=u:r:hal_health_default:s0 tcontext=u:object_r:sysfs:s0 tclass=file permissive=0
03-06 06:08:01.052   718   718 W android.hardwar: type=1400 audit(0.0:82): avc:  denied  { read } for  name="type" dev="sysfs" ino=45783 scontext=u:r:hal_health_default:s0 tcontext=u:object_r:sysfs:s0 tclass=file permissive=0
03-06 06:08:01.052   718   718 I auditd  : type=1400 audit(0.0:83): avc:  denied  { read } for  comm="android.hardwar" name="type" dev="sysfs" ino=45873 scontext=u:r:hal_health_default:s0 tcontext=u:object_r:sysfs:s0 tclass=file permissive=0
03-06 06:08:01.052   718   718 W android.hardwar: type=1400 audit(0.0:83): avc:  denied  { read } for  name="type" dev="sysfs" ino=45873 scontext=u:r:hal_health_default:s0 tcontext=u:object_r:sysfs:s0 tclass=file permissive=0
03-06 06:08:01.056   718   718 I auditd  : type=1400 audit(0.0:84): avc:  denied  { read } for  comm="android.hardwar" name="type" dev="sysfs" ino=45783 scontext=u:r:hal_health_default:s0 tcontext=u:object_r:sysfs:s0 tclass=file permissive=0
03-06 06:08:01.056   718   718 W android.hardwar: type=1400 audit(0.0:84): avc:  denied  { read } for  name="type" dev="sysfs" ino=45783 scontext=u:r:hal_health_default:s0 tcontext=u:object_r:sysfs:s0 tclass=file permissive=0
03-06 06:08:01.056   718   718 I auditd  : type=1400 audit(0.0:85): avc:  denied  { read } for  comm="android.hardwar" name="type" dev="sysfs" ino=45873 scontext=u:r:hal_health_default:s0 tcontext=u:object_r:sysfs:s0 tclass=file permissive=0
03-06 06:08:01.056   718   718 W android.hardwar: type=1400 audit(0.0:85): avc:  denied  { read } for  name="type" dev="sysfs" ino=45873 scontext=u:r:hal_health_default:s0 tcontext=u:object_r:sysfs:s0 tclass=file permissive=0
03-06 06:08:22.564  2570  2570 I auditd  : type=1400 audit(0.0:86): avc:  denied  { read } for  comm="audioserver" name="u:object_r:vendor_default_prop:s0" dev="tmpfs" ino=2450 scontext=u:r:audioserver:s0 tcontext=u:object_r:vendor_default_prop:s0 tclass=file permissive=0
03-06 06:08:22.564  2570  2570 W audioserver: type=1400 audit(0.0:86): avc:  denied  { read } for  name="u:object_r:vendor_default_prop:s0" dev="tmpfs" ino=2450 scontext=u:r:audioserver:s0 tcontext=u:object_r:vendor_default_prop:s0 tclass=file permissive=0
03-06 06:08:22.576  2570  2570 I auditd  : type=1400 audit(0.0:87): avc:  denied  { read } for  comm="audioserver" name="u:object_r:vendor_default_prop:s0" dev="tmpfs" ino=2450 scontext=u:r:audioserver:s0 tcontext=u:object_r:vendor_default_prop:s0 tclass=file permissive=0
03-06 06:08:22.576  2570  2570 W audioserver: type=1400 audit(0.0:87): avc:  denied  { read } for  name="u:object_r:vendor_default_prop:s0" dev="tmpfs" ino=2450 scontext=u:r:audioserver:s0 tcontext=u:object_r:vendor_default_prop:s0 tclass=file permissive=0
03-06 06:08:22.600  2570  2570 I auditd  : type=1400 audit(0.0:88): avc:  denied  { read } for  comm="audioserver" name="u:object_r:vendor_default_prop:s0" dev="tmpfs" ino=2450 scontext=u:r:audioserver:s0 tcontext=u:object_r:vendor_default_prop:s0 tclass=file permissive=0
03-06 06:08:22.600  2570  2570 W audioserver: type=1400 audit(0.0:88): avc:  denied  { read } for  name="u:object_r:vendor_default_prop:s0" dev="tmpfs" ino=2450 scontext=u:r:audioserver:s0 tcontext=u:object_r:vendor_default_prop:s0 tclass=file permissive=0
03-06 06:08:29.428   545   545 I auditd  : type=1400 audit(0.0:89): avc:  denied  { read } for  comm="binder:545_C" name="wakeup164" dev="sysfs" ino=49385 scontext=u:r:system_suspend:s0 tcontext=u:object_r:vendor_sysfs_fingerprint:s0 tclass=dir permissive=0
03-06 06:08:29.428   545   545 W binder:545_C: type=1400 audit(0.0:89): avc:  denied  { read } for  name="wakeup164" dev="sysfs" ino=49385 scontext=u:r:system_suspend:s0 tcontext=u:object_r:vendor_sysfs_fingerprint:s0 tclass=dir permissive=0
03-06 06:08:29.432   545   545 I auditd  : type=1400 audit(0.0:90): avc:  denied  { read } for  comm="binder:545_C" name="wakeup142" dev="sysfs" ino=45921 scontext=u:r:system_suspend:s0 tcontext=u:object_r:sysfs:s0 tclass=dir permissive=0
03-06 06:08:29.432   545   545 W binder:545_C: type=1400 audit(0.0:90): avc:  denied  { read } for  name="wakeup142" dev="sysfs" ino=45921 scontext=u:r:system_suspend:s0 tcontext=u:object_r:sysfs:s0 tclass=dir permissive=0
03-06 06:08:29.432   545   545 I auditd  : type=1400 audit(0.0:91): avc:  denied  { read } for  comm="binder:545_C" name="wakeup140" dev="sysfs" ino=45831 scontext=u:r:system_suspend:s0 tcontext=u:object_r:sysfs:s0 tclass=dir permissive=0
03-06 06:08:29.432   545   545 W binder:545_C: type=1400 audit(0.0:91): avc:  denied  { read } for  name="wakeup140" dev="sysfs" ino=45831 scontext=u:r:system_suspend:s0 tcontext=u:object_r:sysfs:s0 tclass=dir permissive=0
03-06 06:08:29.436   545   545 I auditd  : type=1400 audit(0.0:92): avc:  denied  { read } for  comm="binder:545_C" name="wakeup139" dev="sysfs" ino=45806 scontext=u:r:system_suspend:s0 tcontext=u:object_r:sysfs:s0 tclass=dir permissive=0
03-06 06:08:29.436   545   545 W binder:545_C: type=1400 audit(0.0:92): avc:  denied  { read } for  name="wakeup139" dev="sysfs" ino=45806 scontext=u:r:system_suspend:s0 tcontext=u:object_r:sysfs:s0 tclass=dir permissive=0
03-06 06:08:29.440   545   545 I auditd  : type=1400 audit(0.0:93): avc:  denied  { read } for  comm="binder:545_C" name="wakeup141" dev="sysfs" ino=45896 scontext=u:r:system_suspend:s0 tcontext=u:object_r:sysfs:s0 tclass=dir permissive=0
03-06 06:08:29.440   545   545 W binder:545_C: type=1400 audit(0.0:93): avc:  denied  { read } for  name="wakeup141" dev="sysfs" ino=45896 scontext=u:r:system_suspend:s0 tcontext=u:object_r:sysfs:s0 tclass=dir permissive=0
03-06 06:08:30.400   718   718 I auditd  : type=1400 audit(0.0:94): avc:  denied  { read } for  comm="android.hardwar" name="type" dev="sysfs" ino=45783 scontext=u:r:hal_health_default:s0 tcontext=u:object_r:sysfs:s0 tclass=file permissive=0
03-06 06:08:30.400   718   718 W android.hardwar: type=1400 audit(0.0:94): avc:  denied  { read } for  name="type" dev="sysfs" ino=45783 scontext=u:r:hal_health_default:s0 tcontext=u:object_r:sysfs:s0 tclass=file permissive=0
03-06 06:08:30.400   718   718 I auditd  : type=1400 audit(0.0:95): avc:  denied  { read } for  comm="android.hardwar" name="type" dev="sysfs" ino=45873 scontext=u:r:hal_health_default:s0 tcontext=u:object_r:sysfs:s0 tclass=file permissive=0
03-06 06:08:30.400   718   718 W android.hardwar: type=1400 audit(0.0:95): avc:  denied  { read } for  name="type" dev="sysfs" ino=45873 scontext=u:r:hal_health_default:s0 tcontext=u:object_r:sysfs:s0 tclass=file permissive=0
03-06 06:08:30.404   718   718 I auditd  : type=1400 audit(0.0:96): avc:  denied  { read } for  comm="android.hardwar" name="type" dev="sysfs" ino=45783 scontext=u:r:hal_health_default:s0 tcontext=u:object_r:sysfs:s0 tclass=file permissive=0
03-06 06:08:30.404   718   718 W android.hardwar: type=1400 audit(0.0:96): avc:  denied  { read } for  name="type" dev="sysfs" ino=45783 scontext=u:r:hal_health_default:s0 tcontext=u:object_r:sysfs:s0 tclass=file permissive=0
03-06 06:08:30.404   718   718 I auditd  : type=1400 audit(0.0:97): avc:  denied  { read } for  comm="android.hardwar" name="type" dev="sysfs" ino=45873 scontext=u:r:hal_health_default:s0 tcontext=u:object_r:sysfs:s0 tclass=file permissive=0
03-06 06:08:30.404   718   718 W android.hardwar: type=1400 audit(0.0:97): avc:  denied  { read } for  name="type" dev="sysfs" ino=45873 scontext=u:r:hal_health_default:s0 tcontext=u:object_r:sysfs:s0 tclass=file permissive=0
03-06 06:08:33.340   718   718 I auditd  : type=1400 audit(0.0:98): avc:  denied  { read } for  comm="android.hardwar" name="type" dev="sysfs" ino=45783 scontext=u:r:hal_health_default:s0 tcontext=u:object_r:sysfs:s0 tclass=file permissive=0
03-06 06:08:33.340   718   718 W android.hardwar: type=1400 audit(0.0:98): avc:  denied  { read } for  name="type" dev="sysfs" ino=45783 scontext=u:r:hal_health_default:s0 tcontext=u:object_r:sysfs:s0 tclass=file permissive=0
03-06 06:08:33.340   718   718 I auditd  : type=1400 audit(0.0:99): avc:  denied  { read } for  comm="android.hardwar" name="type" dev="sysfs" ino=45873 scontext=u:r:hal_health_default:s0 tcontext=u:object_r:sysfs:s0 tclass=file permissive=0
03-06 06:08:33.340   718   718 W android.hardwar: type=1400 audit(0.0:99): avc:  denied  { read } for  name="type" dev="sysfs" ino=45873 scontext=u:r:hal_health_default:s0 tcontext=u:object_r:sysfs:s0 tclass=file permissive=0
03-06 06:08:33.344   718   718 I auditd  : type=1400 audit(0.0:100): avc:  denied  { read } for  comm="android.hardwar" name="type" dev="sysfs" ino=45783 scontext=u:r:hal_health_default:s0 tcontext=u:object_r:sysfs:s0 tclass=file permissive=0
03-06 06:08:33.344   718   718 W android.hardwar: type=1400 audit(0.0:100): avc:  denied  { read } for  name="type" dev="sysfs" ino=45783 scontext=u:r:hal_health_default:s0 tcontext=u:object_r:sysfs:s0 tclass=file permissive=0
03-06 06:08:33.344   718   718 I auditd  : type=1400 audit(0.0:101): avc:  denied  { read } for  comm="android.hardwar" name="type" dev="sysfs" ino=45873 scontext=u:r:hal_health_default:s0 tcontext=u:object_r:sysfs:s0 tclass=file permissive=0
03-06 06:08:33.344   718   718 W android.hardwar: type=1400 audit(0.0:101): avc:  denied  { read } for  name="type" dev="sysfs" ino=45873 scontext=u:r:hal_health_default:s0 tcontext=u:object_r:sysfs:s0 tclass=file permissive=0
03-06 06:08:33.824   718   718 I auditd  : type=1400 audit(0.0:102): avc:  denied  { read } for  comm="android.hardwar" name="type" dev="sysfs" ino=45783 scontext=u:r:hal_health_default:s0 tcontext=u:object_r:sysfs:s0 tclass=file permissive=0
03-06 06:08:33.824   718   718 W android.hardwar: type=1400 audit(0.0:102): avc:  denied  { read } for  name="type" dev="sysfs" ino=45783 scontext=u:r:hal_health_default:s0 tcontext=u:object_r:sysfs:s0 tclass=file permissive=0
03-06 06:08:33.824   718   718 I auditd  : type=1400 audit(0.0:103): avc:  denied  { read } for  comm="android.hardwar" name="type" dev="sysfs" ino=45873 scontext=u:r:hal_health_default:s0 tcontext=u:object_r:sysfs:s0 tclass=file permissive=0
03-06 06:08:33.824   718   718 W android.hardwar: type=1400 audit(0.0:103): avc:  denied  { read } for  name="type" dev="sysfs" ino=45873 scontext=u:r:hal_health_default:s0 tcontext=u:object_r:sysfs:s0 tclass=file permissive=0
03-06 06:08:33.828   718   718 I auditd  : type=1400 audit(0.0:104): avc:  denied  { read } for  comm="android.hardwar" name="type" dev="sysfs" ino=45783 scontext=u:r:hal_health_default:s0 tcontext=u:object_r:sysfs:s0 tclass=file permissive=0
03-06 06:08:33.828   718   718 W android.hardwar: type=1400 audit(0.0:104): avc:  denied  { read } for  name="type" dev="sysfs" ino=45783 scontext=u:r:hal_health_default:s0 tcontext=u:object_r:sysfs:s0 tclass=file permissive=0
03-06 06:08:33.828   718   718 I auditd  : type=1400 audit(0.0:105): avc:  denied  { read } for  comm="android.hardwar" name="type" dev="sysfs" ino=45873 scontext=u:r:hal_health_default:s0 tcontext=u:object_r:sysfs:s0 tclass=file permissive=0
03-06 06:08:33.828   718   718 W android.hardwar: type=1400 audit(0.0:105): avc:  denied  { read } for  name="type" dev="sysfs" ino=45873 scontext=u:r:hal_health_default:s0 tcontext=u:object_r:sysfs:s0 tclass=file permissive=0
03-06 06:08:47.864   502   502 I auditd  : type=1400 audit(0.0:106): avc:  denied  { read } for  comm="binder:502_2" name="/" dev="sdc14" ino=2 scontext=u:r:vold:s0 tcontext=u:object_r:persist_data_file:s0 tclass=dir permissive=0
03-06 06:08:47.864   502   502 W binder:502_2: type=1400 audit(0.0:106): avc:  denied  { read } for  name="/" dev="sdc14" ino=2 scontext=u:r:vold:s0 tcontext=u:object_r:persist_data_file:s0 tclass=dir permissive=0
03-06 06:08:50.208   718   718 I auditd  : type=1400 audit(0.0:107): avc:  denied  { read } for  comm="android.hardwar" name="type" dev="sysfs" ino=45783 scontext=u:r:hal_health_default:s0 tcontext=u:object_r:sysfs:s0 tclass=file permissive=0
03-06 06:08:50.208   718   718 W android.hardwar: type=1400 audit(0.0:107): avc:  denied  { read } for  name="type" dev="sysfs" ino=45783 scontext=u:r:hal_health_default:s0 tcontext=u:object_r:sysfs:s0 tclass=file permissive=0
03-06 06:08:50.208   718   718 I auditd  : type=1400 audit(0.0:108): avc:  denied  { read } for  comm="android.hardwar" name="type" dev="sysfs" ino=45873 scontext=u:r:hal_health_default:s0 tcontext=u:object_r:sysfs:s0 tclass=file permissive=0
03-06 06:08:50.208   718   718 W android.hardwar: type=1400 audit(0.0:108): avc:  denied  { read } for  name="type" dev="sysfs" ino=45873 scontext=u:r:hal_health_default:s0 tcontext=u:object_r:sysfs:s0 tclass=file permissive=0
03-06 06:08:50.212   718   718 I auditd  : type=1400 audit(0.0:109): avc:  denied  { read } for  comm="android.hardwar" name="type" dev="sysfs" ino=45783 scontext=u:r:hal_health_default:s0 tcontext=u:object_r:sysfs:s0 tclass=file permissive=0
03-06 06:08:50.212   718   718 W android.hardwar: type=1400 audit(0.0:109): avc:  denied  { read } for  name="type" dev="sysfs" ino=45783 scontext=u:r:hal_health_default:s0 tcontext=u:object_r:sysfs:s0 tclass=file permissive=0
03-06 06:08:50.212   718   718 I auditd  : type=1400 audit(0.0:110): avc:  denied  { read } for  comm="android.hardwar" name="type" dev="sysfs" ino=45873 scontext=u:r:hal_health_default:s0 tcontext=u:object_r:sysfs:s0 tclass=file permissive=0
03-06 06:08:50.212   718   718 W android.hardwar: type=1400 audit(0.0:110): avc:  denied  { read } for  name="type" dev="sysfs" ino=45873 scontext=u:r:hal_health_default:s0 tcontext=u:object_r:sysfs:s0 tclass=file permissive=0
03-06 06:08:59.160  3326  3326 I auditd  : type=1400 audit(0.0:111): avc:  granted  { read } for  comm="rkstack.process" name="psched" dev="proc" ino=4026532247 scontext=u:r:network_stack:s0 tcontext=u:object_r:proc_net:s0 tclass=file
03-06 06:08:59.160  3326  3326 W rkstack.process: type=1400 audit(0.0:111): avc:  granted  { read } for  name="psched" dev="proc" ino=4026532247 scontext=u:r:network_stack:s0 tcontext=u:object_r:proc_net:s0 tclass=file
03-06 06:08:59.160  3326  3326 I auditd  : type=1400 audit(0.0:112): avc:  granted  { read open } for  comm="rkstack.process" path="/proc/3326/net/psched" dev="proc" ino=4026532247 scontext=u:r:network_stack:s0 tcontext=u:object_r:proc_net:s0 tclass=file
03-06 06:08:59.160  3326  3326 W rkstack.process: type=1400 audit(0.0:112): avc:  granted  { read open } for  path="/proc/3326/net/psched" dev="proc" ino=4026532247 scontext=u:r:network_stack:s0 tcontext=u:object_r:proc_net:s0 tclass=file
03-06 06:08:59.160  3326  3326 I auditd  : type=1400 audit(0.0:113): avc:  granted  { getattr } for  comm="rkstack.process" path="/proc/3326/net/psched" dev="proc" ino=4026532247 scontext=u:r:network_stack:s0 tcontext=u:object_r:proc_net:s0 tclass=file
03-06 06:08:59.160  3326  3326 W rkstack.process: type=1400 audit(0.0:113): avc:  granted  { getattr } for  path="/proc/3326/net/psched" dev="proc" ino=4026532247 scontext=u:r:network_stack:s0 tcontext=u:object_r:proc_net:s0 tclass=file
03-06 06:09:06.560   426   426 I auditd  : type=1400 audit(0.0:114): avc:  denied  { read } for  comm="init" name="u:object_r:default_prop:s0" dev="tmpfs" ino=2164 scontext=u:r:vendor_init:s0 tcontext=u:object_r:default_prop:s0 tclass=file permissive=0
03-06 06:09:06.560   426   426 W init    : type=1400 audit(0.0:114): avc:  denied  { read } for  name="u:object_r:default_prop:s0" dev="tmpfs" ino=2164 scontext=u:r:vendor_init:s0 tcontext=u:object_r:default_prop:s0 tclass=file permissive=0
03-06 06:09:06.588   718   718 I auditd  : type=1400 audit(0.0:115): avc:  denied  { read } for  comm="android.hardwar" name="type" dev="sysfs" ino=45783 scontext=u:r:hal_health_default:s0 tcontext=u:object_r:sysfs:s0 tclass=file permissive=0
03-06 06:09:06.588   718   718 W android.hardwar: type=1400 audit(0.0:115): avc:  denied  { read } for  name="type" dev="sysfs" ino=45783 scontext=u:r:hal_health_default:s0 tcontext=u:object_r:sysfs:s0 tclass=file permissive=0
03-06 06:09:06.588   718   718 I auditd  : type=1400 audit(0.0:116): avc:  denied  { read } for  comm="android.hardwar" name="type" dev="sysfs" ino=45873 scontext=u:r:hal_health_default:s0 tcontext=u:object_r:sysfs:s0 tclass=file permissive=0
03-06 06:09:06.588   718   718 W android.hardwar: type=1400 audit(0.0:116): avc:  denied  { read } for  name="type" dev="sysfs" ino=45873 scontext=u:r:hal_health_default:s0 tcontext=u:object_r:sysfs:s0 tclass=file permissive=0
03-06 06:09:06.592   718   718 I auditd  : type=1400 audit(0.0:117): avc:  denied  { read } for  comm="android.hardwar" name="type" dev="sysfs" ino=45783 scontext=u:r:hal_health_default:s0 tcontext=u:object_r:sysfs:s0 tclass=file permissive=0
03-06 06:09:06.592   718   718 W android.hardwar: type=1400 audit(0.0:117): avc:  denied  { read } for  name="type" dev="sysfs" ino=45783 scontext=u:r:hal_health_default:s0 tcontext=u:object_r:sysfs:s0 tclass=file permissive=0
03-06 06:09:06.592   718   718 I auditd  : type=1400 audit(0.0:118): avc:  denied  { read } for  comm="android.hardwar" name="type" dev="sysfs" ino=45873 scontext=u:r:hal_health_default:s0 tcontext=u:object_r:sysfs:s0 tclass=file permissive=0
03-06 06:09:06.592   718   718 W android.hardwar: type=1400 audit(0.0:118): avc:  denied  { read } for  name="type" dev="sysfs" ino=45873 scontext=u:r:hal_health_default:s0 tcontext=u:object_r:sysfs:s0 tclass=file permissive=0
03-06 06:09:06.796  3645  3645 I auditd  : type=1400 audit(0.0:119): avc:  denied  { dac_read_search } for  comm="mtd_isee@1.3" capability=2  scontext=u:r:hal_mtdservice_default:s0 tcontext=u:r:hal_mtdservice_default:s0 tclass=capability permissive=0
03-06 06:09:06.796  3645  3645 W mtd_isee@1.3: type=1400 audit(0.0:119): avc:  denied  { dac_read_search } for  capability=2  scontext=u:r:hal_mtdservice_default:s0 tcontext=u:r:hal_mtdservice_default:s0 tclass=capability permissive=0
03-06 06:09:06.796  3645  3645 I auditd  : type=1400 audit(0.0:120): avc:  denied  { dac_override } for  comm="mtd_isee@1.3" capability=1  scontext=u:r:hal_mtdservice_default:s0 tcontext=u:r:hal_mtdservice_default:s0 tclass=capability permissive=0
03-06 06:09:06.796  3645  3645 W mtd_isee@1.3: type=1400 audit(0.0:120): avc:  denied  { dac_override } for  capability=1  scontext=u:r:hal_mtdservice_default:s0 tcontext=u:r:hal_mtdservice_default:s0 tclass=capability permissive=0
03-06 06:09:06.796  3645  3645 I auditd  : type=1400 audit(0.0:121): avc:  denied  { dac_read_search } for  comm="mtd_isee@1.3" capability=2  scontext=u:r:hal_mtdservice_default:s0 tcontext=u:r:hal_mtdservice_default:s0 tclass=capability permissive=0
03-06 06:09:06.796  3645  3645 W mtd_isee@1.3: type=1400 audit(0.0:121): avc:  denied  { dac_read_search } for  capability=2  scontext=u:r:hal_mtdservice_default:s0 tcontext=u:r:hal_mtdservice_default:s0 tclass=capability permissive=0
03-06 06:09:06.796  3645  3645 I auditd  : type=1400 audit(0.0:122): avc:  denied  { dac_override } for  comm="mtd_isee@1.3" capability=1  scontext=u:r:hal_mtdservice_default:s0 tcontext=u:r:hal_mtdservice_default:s0 tclass=capability permissive=0
03-06 06:09:06.796  3645  3645 W mtd_isee@1.3: type=1400 audit(0.0:122): avc:  denied  { dac_override } for  capability=1  scontext=u:r:hal_mtdservice_default:s0 tcontext=u:r:hal_mtdservice_default:s0 tclass=capability permissive=0
03-06 06:09:07.744   545   545 I auditd  : type=1400 audit(0.0:123): avc:  denied  { read } for  comm="binder:545_A" name="wakeup164" dev="sysfs" ino=49385 scontext=u:r:system_suspend:s0 tcontext=u:object_r:vendor_sysfs_fingerprint:s0 tclass=dir permissive=0
03-06 06:09:07.744   545   545 W binder:545_A: type=1400 audit(0.0:123): avc:  denied  { read } for  name="wakeup164" dev="sysfs" ino=49385 scontext=u:r:system_suspend:s0 tcontext=u:object_r:vendor_sysfs_fingerprint:s0 tclass=dir permissive=0
03-06 06:09:07.744   545   545 I auditd  : type=1400 audit(0.0:124): avc:  denied  { read } for  comm="binder:545_A" name="wakeup142" dev="sysfs" ino=45921 scontext=u:r:system_suspend:s0 tcontext=u:object_r:sysfs:s0 tclass=dir permissive=0
03-06 06:09:07.744   545   545 W binder:545_A: type=1400 audit(0.0:124): avc:  denied  { read } for  name="wakeup142" dev="sysfs" ino=45921 scontext=u:r:system_suspend:s0 tcontext=u:object_r:sysfs:s0 tclass=dir permissive=0
03-06 06:09:07.744   545   545 I auditd  : type=1400 audit(0.0:125): avc:  denied  { read } for  comm="binder:545_A" name="wakeup140" dev="sysfs" ino=45831 scontext=u:r:system_suspend:s0 tcontext=u:object_r:sysfs:s0 tclass=dir permissive=0
03-06 06:09:07.744   545   545 W binder:545_A: type=1400 audit(0.0:125): avc:  denied  { read } for  name="wakeup140" dev="sysfs" ino=45831 scontext=u:r:system_suspend:s0 tcontext=u:object_r:sysfs:s0 tclass=dir permissive=0
03-06 06:09:07.748   545   545 I auditd  : type=1400 audit(0.0:126): avc:  denied  { read } for  comm="binder:545_A" name="wakeup139" dev="sysfs" ino=45806 scontext=u:r:system_suspend:s0 tcontext=u:object_r:sysfs:s0 tclass=dir permissive=0
03-06 06:09:07.748   545   545 W binder:545_A: type=1400 audit(0.0:126): avc:  denied  { read } for  name="wakeup139" dev="sysfs" ino=45806 scontext=u:r:system_suspend:s0 tcontext=u:object_r:sysfs:s0 tclass=dir permissive=0
03-06 06:09:07.752   545   545 I auditd  : type=1400 audit(0.0:127): avc:  denied  { read } for  comm="binder:545_A" name="wakeup141" dev="sysfs" ino=45896 scontext=u:r:system_suspend:s0 tcontext=u:object_r:sysfs:s0 tclass=dir permissive=0
