01-01 00:07:55.884     1     1 I auditd  : type=1107 audit(0.0:4): uid=0 auid=4294967295 ses=4294967295 subj=u:r:init:s0 msg='avc:  denied  { set } for property=ro.mtk_cam_stereo_camera_support pid=1 uid=0 gid=0 scontext=u:r:vendor_init:s0 tcontext=u:object_r:default_prop:s0 tclass=property_service permissive=0'
01-01 00:07:55.884     1     1 I auditd  : type=1107 audit(0.0:5): uid=0 auid=4294967295 ses=4294967295 subj=u:r:init:s0 msg='avc:  denied  { set } for property=ro.sf.blurs_are_expensive pid=1 uid=0 gid=0 scontext=u:r:vendor_init:s0 tcontext=u:object_r:default_prop:s0 tclass=property_service permissive=0'
01-01 00:07:55.972     1     1 I auditd  : type=1107 audit(0.0:6): uid=0 auid=4294967295 ses=4294967295 subj=u:r:init:s0 msg='avc:  denied  { read } for property=vts.native_server.on pid=0 uid=0 gid=0 scontext=u:r:vendor_init:s0 tcontext=u:object_r:vts_status_prop:s0 tclass=file permissive=0'
01-01 00:07:55.972     1     1 I auditd  : type=1107 audit(0.0:7): uid=0 auid=4294967295 ses=4294967295 subj=u:r:init:s0 msg='avc:  denied  { read } for property=vts.native_server.on pid=0 uid=0 gid=0 scontext=u:r:vendor_init:s0 tcontext=u:object_r:vts_status_prop:s0 tclass=file permissive=0'
01-01 00:07:55.972     1     1 I auditd  : type=1107 audit(0.0:8): uid=0 auid=4294967295 ses=4294967295 subj=u:r:init:s0 msg='avc:  denied  { read } for property=vts.native_server.on pid=0 uid=0 gid=0 scontext=u:r:vendor_init:s0 tcontext=u:object_r:vts_status_prop:s0 tclass=file permissive=0'
01-01 00:07:55.972     1     1 I auditd  : type=1107 audit(0.0:9): uid=0 auid=4294967295 ses=4294967295 subj=u:r:init:s0 msg='avc:  denied  { read } for property=vts.native_server.on pid=0 uid=0 gid=0 scontext=u:r:vendor_init:s0 tcontext=u:object_r:vts_status_prop:s0 tclass=file permissive=0'
01-01 00:08:04.360   433   433 I auditd  : type=1400 audit(0.0:10): avc:  denied  { write } for  comm="init" name="vendor_de" dev="dm-36" ino=137 scontext=u:r:vendor_init:s0 tcontext=u:object_r:vendor_userdir_file:s0 tclass=dir permissive=0
01-01 00:08:04.432   433   433 I auditd  : type=1400 audit(0.0:11): avc:  denied  { write } for  comm="init" name="vendor_de" dev="dm-36" ino=137 scontext=u:r:vendor_init:s0 tcontext=u:object_r:vendor_userdir_file:s0 tclass=dir permissive=0
01-01 00:08:04.792   725   725 I auditd  : type=1400 audit(0.0:12): avc:  denied  { read } for  comm="android.hardwar" name="type" dev="sysfs" ino=45783 scontext=u:r:hal_health_default:s0 tcontext=u:object_r:sysfs:s0 tclass=file permissive=0
01-01 00:08:04.792   725   725 I auditd  : type=1400 audit(0.0:13): avc:  denied  { read } for  comm="android.hardwar" name="type" dev="sysfs" ino=45873 scontext=u:r:hal_health_default:s0 tcontext=u:object_r:sysfs:s0 tclass=file permissive=0
01-01 00:08:04.812   725   725 I auditd  : type=1400 audit(0.0:14): avc:  denied  { read } for  comm="android.hardwar" name="type" dev="sysfs" ino=45783 scontext=u:r:hal_health_default:s0 tcontext=u:object_r:sysfs:s0 tclass=file permissive=0
01-01 00:08:04.812   725   725 I auditd  : type=1400 audit(0.0:15): avc:  denied  { read } for  comm="android.hardwar" name="type" dev="sysfs" ino=45873 scontext=u:r:hal_health_default:s0 tcontext=u:object_r:sysfs:s0 tclass=file permissive=0
01-01 00:08:04.816   725   725 I auditd  : type=1400 audit(0.0:16): avc:  denied  { read } for  comm="android.hardwar" name="type" dev="sysfs" ino=45783 scontext=u:r:hal_health_default:s0 tcontext=u:object_r:sysfs:s0 tclass=file permissive=0
01-01 00:08:04.816   725   725 I auditd  : type=1400 audit(0.0:17): avc:  denied  { read } for  comm="android.hardwar" name="type" dev="sysfs" ino=45873 scontext=u:r:hal_health_default:s0 tcontext=u:object_r:sysfs:s0 tclass=file permissive=0
01-01 00:08:04.960   772   772 I auditd  : type=1400 audit(0.0:18): avc:  denied  { search } for  comm="vendor.qti.hard" name="soc0" dev="sysfs" ino=25468 scontext=u:r:hal_vibrator_default:s0 tcontext=u:object_r:sysfs_soc:s0 tclass=dir permissive=0
01-01 00:08:05.060   777   777 I auditd  : type=1400 audit(0.0:19): avc:  denied  { read } for  comm="audioserver" name="u:object_r:vendor_default_prop:s0" dev="tmpfs" ino=9015 scontext=u:r:audioserver:s0 tcontext=u:object_r:vendor_default_prop:s0 tclass=file permissive=0
01-01 00:08:05.244     1     1 I auditd  : type=1107 audit(0.0:20): uid=0 auid=4294967295 ses=4294967295 subj=u:r:init:s0 msg='avc:  denied  { set } for property=ro.telephony.sim.count pid=433 uid=0 gid=0 scontext=u:r:vendor_init:s0 tcontext=u:object_r:default_prop:s0 tclass=property_service permissive=0'
01-01 00:08:05.516   777   777 I auditd  : type=1400 audit(0.0:21): avc:  denied  { read } for  comm="audioserver" name="u:object_r:vendor_default_prop:s0" dev="tmpfs" ino=9015 scontext=u:r:audioserver:s0 tcontext=u:object_r:vendor_default_prop:s0 tclass=file permissive=0
01-01 00:08:05.528   943   943 I auditd  : type=1400 audit(0.0:22): avc:  denied  { read } for  comm="android.hardwar" name="u:object_r:default_prop:s0" dev="tmpfs" ino=8729 scontext=u:r:mediacodec:s0 tcontext=u:object_r:default_prop:s0 tclass=file permissive=0
01-01 00:08:05.588   777   777 I auditd  : type=1400 audit(0.0:23): avc:  denied  { read } for  comm="audioserver" name="u:object_r:vendor_default_prop:s0" dev="tmpfs" ino=9015 scontext=u:r:audioserver:s0 tcontext=u:object_r:vendor_default_prop:s0 tclass=file permissive=0
01-01 00:08:05.852   725   725 I auditd  : type=1400 audit(0.0:24): avc:  denied  { read } for  comm="android.hardwar" name="type" dev="sysfs" ino=45783 scontext=u:r:hal_health_default:s0 tcontext=u:object_r:sysfs:s0 tclass=file permissive=0
01-01 00:08:05.852   725   725 I auditd  : type=1400 audit(0.0:25): avc:  denied  { read } for  comm="android.hardwar" name="type" dev="sysfs" ino=45873 scontext=u:r:hal_health_default:s0 tcontext=u:object_r:sysfs:s0 tclass=file permissive=0
01-01 00:08:05.856   725   725 I auditd  : type=1400 audit(0.0:26): avc:  denied  { read } for  comm="android.hardwar" name="type" dev="sysfs" ino=45783 scontext=u:r:hal_health_default:s0 tcontext=u:object_r:sysfs:s0 tclass=file permissive=0
01-01 00:08:05.856   725   725 I auditd  : type=1400 audit(0.0:27): avc:  denied  { read } for  comm="android.hardwar" name="type" dev="sysfs" ino=45873 scontext=u:r:hal_health_default:s0 tcontext=u:object_r:sysfs:s0 tclass=file permissive=0
01-01 00:08:05.860   725   725 I auditd  : type=1400 audit(0.0:28): avc:  denied  { read } for  comm="android.hardwar" name="type" dev="sysfs" ino=45783 scontext=u:r:hal_health_default:s0 tcontext=u:object_r:sysfs:s0 tclass=file permissive=0
01-01 00:08:05.860   725   725 I auditd  : type=1400 audit(0.0:29): avc:  denied  { read } for  comm="android.hardwar" name="type" dev="sysfs" ino=45873 scontext=u:r:hal_health_default:s0 tcontext=u:object_r:sysfs:s0 tclass=file permissive=0
01-01 00:08:05.864   725   725 I auditd  : type=1400 audit(0.0:30): avc:  denied  { read } for  comm="android.hardwar" name="type" dev="sysfs" ino=45783 scontext=u:r:hal_health_default:s0 tcontext=u:object_r:sysfs:s0 tclass=file permissive=0
01-01 00:08:05.864   725   725 I auditd  : type=1400 audit(0.0:31): avc:  denied  { read } for  comm="android.hardwar" name="type" dev="sysfs" ino=45873 scontext=u:r:hal_health_default:s0 tcontext=u:object_r:sysfs:s0 tclass=file permissive=0
01-01 00:08:05.956   908   908 I auditd  : type=1400 audit(0.0:32): avc:  denied  { read } for  comm="vtservice" name="u:object_r:vendor_default_prop:s0" dev="tmpfs" ino=9015 scontext=u:r:vtservice:s0 tcontext=u:object_r:vendor_default_prop:s0 tclass=file permissive=0
01-01 00:08:05.962   493   493 I auditd  : avc:  denied  { find } for pid=908 uid=1000 name=vendor.mediatek.hardware.videotelephony.IVideoTelephony/default scontext=u:r:vtservice:s0 tcontext=u:object_r:default_android_service:s0 tclass=service_manager permissive=0
01-01 00:08:06.268   958   958 I auditd  : type=1400 audit(0.0:33): avc:  denied  { read } for  comm="camerahalserver" name="u:object_r:default_prop:s0" dev="tmpfs" ino=8729 scontext=u:r:mtk_hal_camera:s0 tcontext=u:object_r:default_prop:s0 tclass=file permissive=0
01-01 00:08:06.268   958   958 I auditd  : type=1400 audit(0.0:34): avc:  denied  { read } for  comm="camerahalserver" name="u:object_r:default_prop:s0" dev="tmpfs" ino=8729 scontext=u:r:mtk_hal_camera:s0 tcontext=u:object_r:default_prop:s0 tclass=file permissive=0
01-01 00:08:06.268   958   958 I auditd  : type=1400 audit(0.0:35): avc:  denied  { read } for  comm="camerahalserver" name="u:object_r:default_prop:s0" dev="tmpfs" ino=8729 scontext=u:r:mtk_hal_camera:s0 tcontext=u:object_r:default_prop:s0 tclass=file permissive=0
01-01 00:08:06.268   958   958 I auditd  : type=1400 audit(0.0:36): avc:  denied  { read } for  comm="camerahalserver" name="u:object_r:default_prop:s0" dev="tmpfs" ino=8729 scontext=u:r:mtk_hal_camera:s0 tcontext=u:object_r:default_prop:s0 tclass=file permissive=0
01-01 00:08:06.408   725   725 I auditd  : type=1400 audit(0.0:37): avc:  denied  { read } for  comm="android.hardwar" name="type" dev="sysfs" ino=45783 scontext=u:r:hal_health_default:s0 tcontext=u:object_r:sysfs:s0 tclass=file permissive=0
01-01 00:08:06.408   725   725 I auditd  : type=1400 audit(0.0:38): avc:  denied  { read } for  comm="android.hardwar" name="type" dev="sysfs" ino=45873 scontext=u:r:hal_health_default:s0 tcontext=u:object_r:sysfs:s0 tclass=file permissive=0
01-01 00:08:06.412   725   725 I auditd  : type=1400 audit(0.0:39): avc:  denied  { read } for  comm="android.hardwar" name="type" dev="sysfs" ino=45783 scontext=u:r:hal_health_default:s0 tcontext=u:object_r:sysfs:s0 tclass=file permissive=0
01-01 00:08:06.412   725   725 I auditd  : type=1400 audit(0.0:40): avc:  denied  { read } for  comm="android.hardwar" name="type" dev="sysfs" ino=45873 scontext=u:r:hal_health_default:s0 tcontext=u:object_r:sysfs:s0 tclass=file permissive=0
01-01 00:08:06.664   725   725 I auditd  : type=1400 audit(0.0:41): avc:  denied  { read } for  comm="android.hardwar" name="type" dev="sysfs" ino=45783 scontext=u:r:hal_health_default:s0 tcontext=u:object_r:sysfs:s0 tclass=file permissive=0
01-01 00:08:06.664   725   725 I auditd  : type=1400 audit(0.0:42): avc:  denied  { read } for  comm="android.hardwar" name="type" dev="sysfs" ino=45873 scontext=u:r:hal_health_default:s0 tcontext=u:object_r:sysfs:s0 tclass=file permissive=0
01-01 00:08:06.668   725   725 I auditd  : type=1400 audit(0.0:43): avc:  denied  { read } for  comm="android.hardwar" name="type" dev="sysfs" ino=45783 scontext=u:r:hal_health_default:s0 tcontext=u:object_r:sysfs:s0 tclass=file permissive=0
01-01 00:08:06.668   725   725 I auditd  : type=1400 audit(0.0:44): avc:  denied  { read } for  comm="android.hardwar" name="type" dev="sysfs" ino=45873 scontext=u:r:hal_health_default:s0 tcontext=u:object_r:sysfs:s0 tclass=file permissive=0
01-01 00:08:08.112     1     1 I auditd  : type=1107 audit(0.0:45): uid=0 auid=4294967295 ses=4294967295 subj=u:r:init:s0 msg='avc:  denied  { set } for property=ro.telephony.sim.count pid=433 uid=0 gid=0 scontext=u:r:vendor_init:s0 tcontext=u:object_r:default_prop:s0 tclass=property_service permissive=0'
01-01 00:08:08.112     1     1 W /system/bin/init: type=1107 audit(0.0:45): uid=0 auid=4294967295 ses=4294967295 subj=u:r:init:s0 msg='avc:  denied  { set } for property=ro.telephony.sim.count pid=433 uid=0 gid=0 scontext=u:r:vendor_init:s0 tcontext=u:object_r:default_prop:s0 tclass=property_service permissive=0'
01-01 00:08:08.112  1420  1420 I auditd  : type=1400 audit(0.0:46): avc:  denied  { read } for  comm="mtkfusionrild" name="u:object_r:default_prop:s0" dev="tmpfs" ino=8729 scontext=u:r:rild:s0 tcontext=u:object_r:default_prop:s0 tclass=file permissive=0
01-01 00:08:08.112  1420  1420 W mtkfusionrild: type=1400 audit(0.0:46): avc:  denied  { read } for  name="u:object_r:default_prop:s0" dev="tmpfs" ino=8729 scontext=u:r:rild:s0 tcontext=u:object_r:default_prop:s0 tclass=file permissive=0
01-01 00:08:08.264  1505  1505 W iptables-wrappe: type=1400 audit(0.0:47): avc:  denied  { read } for  path="/proc/1420/cmdline" dev="proc" ino=23660 scontext=u:r:netutils_wrapper:s0 tcontext=u:r:rild:s0 tclass=file permissive=0
01-01 00:08:10.520   725   725 I auditd  : type=1400 audit(0.0:48): avc:  denied  { read } for  comm="android.hardwar" name="type" dev="sysfs" ino=45783 scontext=u:r:hal_health_default:s0 tcontext=u:object_r:sysfs:s0 tclass=file permissive=0
01-01 00:08:10.520   725   725 W android.hardwar: type=1400 audit(0.0:48): avc:  denied  { read } for  name="type" dev="sysfs" ino=45783 scontext=u:r:hal_health_default:s0 tcontext=u:object_r:sysfs:s0 tclass=file permissive=0
01-01 00:08:10.520   725   725 I auditd  : type=1400 audit(0.0:49): avc:  denied  { read } for  comm="android.hardwar" name="type" dev="sysfs" ino=45873 scontext=u:r:hal_health_default:s0 tcontext=u:object_r:sysfs:s0 tclass=file permissive=0
01-01 00:08:10.520   725   725 W android.hardwar: type=1400 audit(0.0:49): avc:  denied  { read } for  name="type" dev="sysfs" ino=45873 scontext=u:r:hal_health_default:s0 tcontext=u:object_r:sysfs:s0 tclass=file permissive=0
01-01 00:08:14.156   546   546 I auditd  : type=1400 audit(0.0:50): avc:  denied  { read } for  comm="binder:546_6" name="wakeup164" dev="sysfs" ino=49385 scontext=u:r:system_suspend:s0 tcontext=u:object_r:vendor_sysfs_fingerprint:s0 tclass=dir permissive=0
01-01 00:08:14.156   546   546 W binder:546_6: type=1400 audit(0.0:50): avc:  denied  { read } for  name="wakeup164" dev="sysfs" ino=49385 scontext=u:r:system_suspend:s0 tcontext=u:object_r:vendor_sysfs_fingerprint:s0 tclass=dir permissive=0
01-01 00:08:14.164   546   546 I auditd  : type=1400 audit(0.0:51): avc:  denied  { read } for  comm="binder:546_6" name="wakeup142" dev="sysfs" ino=45921 scontext=u:r:system_suspend:s0 tcontext=u:object_r:sysfs:s0 tclass=dir permissive=0
01-01 00:08:14.164   546   546 W binder:546_6: type=1400 audit(0.0:51): avc:  denied  { read } for  name="wakeup142" dev="sysfs" ino=45921 scontext=u:r:system_suspend:s0 tcontext=u:object_r:sysfs:s0 tclass=dir permissive=0
01-01 00:08:14.168   546   546 I auditd  : type=1400 audit(0.0:52): avc:  denied  { read } for  comm="binder:546_6" name="wakeup140" dev="sysfs" ino=45831 scontext=u:r:system_suspend:s0 tcontext=u:object_r:sysfs:s0 tclass=dir permissive=0
01-01 00:08:14.168   546   546 W binder:546_6: type=1400 audit(0.0:52): avc:  denied  { read } for  name="wakeup140" dev="sysfs" ino=45831 scontext=u:r:system_suspend:s0 tcontext=u:object_r:sysfs:s0 tclass=dir permissive=0
01-01 00:08:14.180   546   546 I auditd  : type=1400 audit(0.0:53): avc:  denied  { read } for  comm="binder:546_6" name="wakeup139" dev="sysfs" ino=45806 scontext=u:r:system_suspend:s0 tcontext=u:object_r:sysfs:s0 tclass=dir permissive=0
01-01 00:08:14.180   546   546 W binder:546_6: type=1400 audit(0.0:53): avc:  denied  { read } for  name="wakeup139" dev="sysfs" ino=45806 scontext=u:r:system_suspend:s0 tcontext=u:object_r:sysfs:s0 tclass=dir permissive=0
01-01 00:08:14.204   546   546 I auditd  : type=1400 audit(0.0:54): avc:  denied  { read } for  comm="binder:546_6" name="wakeup141" dev="sysfs" ino=45896 scontext=u:r:system_suspend:s0 tcontext=u:object_r:sysfs:s0 tclass=dir permissive=0
01-01 00:08:14.204   546   546 W binder:546_6: type=1400 audit(0.0:54): avc:  denied  { read } for  name="wakeup141" dev="sysfs" ino=45896 scontext=u:r:system_suspend:s0 tcontext=u:object_r:sysfs:s0 tclass=dir permissive=0
01-01 00:08:15.380   725   725 I auditd  : type=1400 audit(0.0:55): avc:  denied  { read } for  comm="android.hardwar" name="type" dev="sysfs" ino=45783 scontext=u:r:hal_health_default:s0 tcontext=u:object_r:sysfs:s0 tclass=file permissive=0
01-01 00:08:15.380   725   725 W android.hardwar: type=1400 audit(0.0:55): avc:  denied  { read } for  name="type" dev="sysfs" ino=45783 scontext=u:r:hal_health_default:s0 tcontext=u:object_r:sysfs:s0 tclass=file permissive=0
01-01 00:08:15.384   725   725 I auditd  : type=1400 audit(0.0:56): avc:  denied  { read } for  comm="android.hardwar" name="type" dev="sysfs" ino=45873 scontext=u:r:hal_health_default:s0 tcontext=u:object_r:sysfs:s0 tclass=file permissive=0
01-01 00:08:15.384   725   725 W android.hardwar: type=1400 audit(0.0:56): avc:  denied  { read } for  name="type" dev="sysfs" ino=45873 scontext=u:r:hal_health_default:s0 tcontext=u:object_r:sysfs:s0 tclass=file permissive=0
01-01 00:08:15.384   725   725 I auditd  : type=1400 audit(0.0:57): avc:  denied  { read } for  comm="android.hardwar" name="type" dev="sysfs" ino=45783 scontext=u:r:hal_health_default:s0 tcontext=u:object_r:sysfs:s0 tclass=file permissive=0
01-01 00:08:15.384   725   725 W android.hardwar: type=1400 audit(0.0:57): avc:  denied  { read } for  name="type" dev="sysfs" ino=45783 scontext=u:r:hal_health_default:s0 tcontext=u:object_r:sysfs:s0 tclass=file permissive=0
01-01 00:08:15.388   725   725 I auditd  : type=1400 audit(0.0:58): avc:  denied  { read } for  comm="android.hardwar" name="type" dev="sysfs" ino=45873 scontext=u:r:hal_health_default:s0 tcontext=u:object_r:sysfs:s0 tclass=file permissive=0
01-01 00:08:15.388   725   725 W android.hardwar: type=1400 audit(0.0:58): avc:  denied  { read } for  name="type" dev="sysfs" ino=45873 scontext=u:r:hal_health_default:s0 tcontext=u:object_r:sysfs:s0 tclass=file permissive=0
01-01 00:08:20.624   725   725 I auditd  : type=1400 audit(0.0:59): avc:  denied  { read } for  comm="android.hardwar" name="type" dev="sysfs" ino=45783 scontext=u:r:hal_health_default:s0 tcontext=u:object_r:sysfs:s0 tclass=file permissive=0
01-01 00:08:20.624   725   725 W android.hardwar: type=1400 audit(0.0:59): avc:  denied  { read } for  name="type" dev="sysfs" ino=45783 scontext=u:r:hal_health_default:s0 tcontext=u:object_r:sysfs:s0 tclass=file permissive=0
01-01 00:08:20.624   725   725 I auditd  : type=1400 audit(0.0:60): avc:  denied  { read } for  comm="android.hardwar" name="type" dev="sysfs" ino=45873 scontext=u:r:hal_health_default:s0 tcontext=u:object_r:sysfs:s0 tclass=file permissive=0
01-01 00:08:20.624   725   725 W android.hardwar: type=1400 audit(0.0:60): avc:  denied  { read } for  name="type" dev="sysfs" ino=45873 scontext=u:r:hal_health_default:s0 tcontext=u:object_r:sysfs:s0 tclass=file permissive=0
01-01 00:08:20.624   725   725 I auditd  : type=1400 audit(0.0:61): avc:  denied  { read } for  comm="android.hardwar" name="type" dev="sysfs" ino=45783 scontext=u:r:hal_health_default:s0 tcontext=u:object_r:sysfs:s0 tclass=file permissive=0
01-01 00:08:20.624   725   725 W android.hardwar: type=1400 audit(0.0:61): avc:  denied  { read } for  name="type" dev="sysfs" ino=45783 scontext=u:r:hal_health_default:s0 tcontext=u:object_r:sysfs:s0 tclass=file permissive=0
01-01 00:08:20.624   725   725 I auditd  : type=1400 audit(0.0:62): avc:  denied  { read } for  comm="android.hardwar" name="type" dev="sysfs" ino=45873 scontext=u:r:hal_health_default:s0 tcontext=u:object_r:sysfs:s0 tclass=file permissive=0
01-01 00:08:20.624   725   725 W android.hardwar: type=1400 audit(0.0:62): avc:  denied  { read } for  name="type" dev="sysfs" ino=45873 scontext=u:r:hal_health_default:s0 tcontext=u:object_r:sysfs:s0 tclass=file permissive=0
03-08 11:37:48.924   725   725 I auditd  : type=1400 audit(0.0:63): avc:  denied  { read } for  comm="android.hardwar" name="type" dev="sysfs" ino=45783 scontext=u:r:hal_health_default:s0 tcontext=u:object_r:sysfs:s0 tclass=file permissive=0
03-08 11:37:48.924   725   725 W android.hardwar: type=1400 audit(0.0:63): avc:  denied  { read } for  name="type" dev="sysfs" ino=45783 scontext=u:r:hal_health_default:s0 tcontext=u:object_r:sysfs:s0 tclass=file permissive=0
03-08 11:37:48.924   725   725 I auditd  : type=1400 audit(0.0:64): avc:  denied  { read } for  comm="android.hardwar" name="type" dev="sysfs" ino=45873 scontext=u:r:hal_health_default:s0 tcontext=u:object_r:sysfs:s0 tclass=file permissive=0
03-08 11:37:48.924   725   725 W android.hardwar: type=1400 audit(0.0:64): avc:  denied  { read } for  name="type" dev="sysfs" ino=45873 scontext=u:r:hal_health_default:s0 tcontext=u:object_r:sysfs:s0 tclass=file permissive=0
03-08 11:37:48.928   725   725 I auditd  : type=1400 audit(0.0:65): avc:  denied  { read } for  comm="android.hardwar" name="type" dev="sysfs" ino=45783 scontext=u:r:hal_health_default:s0 tcontext=u:object_r:sysfs:s0 tclass=file permissive=0
03-08 11:37:48.928   725   725 W android.hardwar: type=1400 audit(0.0:65): avc:  denied  { read } for  name="type" dev="sysfs" ino=45783 scontext=u:r:hal_health_default:s0 tcontext=u:object_r:sysfs:s0 tclass=file permissive=0
03-08 11:37:48.928   725   725 I auditd  : type=1400 audit(0.0:66): avc:  denied  { read } for  comm="android.hardwar" name="type" dev="sysfs" ino=45873 scontext=u:r:hal_health_default:s0 tcontext=u:object_r:sysfs:s0 tclass=file permissive=0
03-08 11:37:48.928   725   725 W android.hardwar: type=1400 audit(0.0:66): avc:  denied  { read } for  name="type" dev="sysfs" ino=45873 scontext=u:r:hal_health_default:s0 tcontext=u:object_r:sysfs:s0 tclass=file permissive=0
03-08 11:37:57.124   725   725 I auditd  : type=1400 audit(0.0:67): avc:  denied  { read } for  comm="android.hardwar" name="type" dev="sysfs" ino=45783 scontext=u:r:hal_health_default:s0 tcontext=u:object_r:sysfs:s0 tclass=file permissive=0
03-08 11:37:57.124   725   725 W android.hardwar: type=1400 audit(0.0:67): avc:  denied  { read } for  name="type" dev="sysfs" ino=45783 scontext=u:r:hal_health_default:s0 tcontext=u:object_r:sysfs:s0 tclass=file permissive=0
03-08 11:37:57.124   725   725 I auditd  : type=1400 audit(0.0:68): avc:  denied  { read } for  comm="android.hardwar" name="type" dev="sysfs" ino=45873 scontext=u:r:hal_health_default:s0 tcontext=u:object_r:sysfs:s0 tclass=file permissive=0
03-08 11:37:57.124   725   725 W android.hardwar: type=1400 audit(0.0:68): avc:  denied  { read } for  name="type" dev="sysfs" ino=45873 scontext=u:r:hal_health_default:s0 tcontext=u:object_r:sysfs:s0 tclass=file permissive=0
03-08 11:37:57.128   725   725 I auditd  : type=1400 audit(0.0:69): avc:  denied  { read } for  comm="android.hardwar" name="type" dev="sysfs" ino=45783 scontext=u:r:hal_health_default:s0 tcontext=u:object_r:sysfs:s0 tclass=file permissive=0
03-08 11:37:57.128   725   725 W android.hardwar: type=1400 audit(0.0:69): avc:  denied  { read } for  name="type" dev="sysfs" ino=45783 scontext=u:r:hal_health_default:s0 tcontext=u:object_r:sysfs:s0 tclass=file permissive=0
03-08 11:37:57.128   725   725 I auditd  : type=1400 audit(0.0:70): avc:  denied  { read } for  comm="android.hardwar" name="type" dev="sysfs" ino=45873 scontext=u:r:hal_health_default:s0 tcontext=u:object_r:sysfs:s0 tclass=file permissive=0
03-08 11:37:57.128   725   725 W android.hardwar: type=1400 audit(0.0:70): avc:  denied  { read } for  name="type" dev="sysfs" ino=45873 scontext=u:r:hal_health_default:s0 tcontext=u:object_r:sysfs:s0 tclass=file permissive=0
03-08 11:38:13.508   725   725 I auditd  : type=1400 audit(0.0:71): avc:  denied  { read } for  comm="android.hardwar" name="type" dev="sysfs" ino=45783 scontext=u:r:hal_health_default:s0 tcontext=u:object_r:sysfs:s0 tclass=file permissive=0
03-08 11:38:13.508   725   725 W android.hardwar: type=1400 audit(0.0:71): avc:  denied  { read } for  name="type" dev="sysfs" ino=45783 scontext=u:r:hal_health_default:s0 tcontext=u:object_r:sysfs:s0 tclass=file permissive=0
03-08 11:38:13.508   725   725 I auditd  : type=1400 audit(0.0:72): avc:  denied  { read } for  comm="android.hardwar" name="type" dev="sysfs" ino=45873 scontext=u:r:hal_health_default:s0 tcontext=u:object_r:sysfs:s0 tclass=file permissive=0
03-08 11:38:13.508   725   725 W android.hardwar: type=1400 audit(0.0:72): avc:  denied  { read } for  name="type" dev="sysfs" ino=45873 scontext=u:r:hal_health_default:s0 tcontext=u:object_r:sysfs:s0 tclass=file permissive=0
03-08 11:38:13.516   725   725 I auditd  : type=1400 audit(0.0:73): avc:  denied  { read } for  comm="android.hardwar" name="type" dev="sysfs" ino=45783 scontext=u:r:hal_health_default:s0 tcontext=u:object_r:sysfs:s0 tclass=file permissive=0
03-08 11:38:13.516   725   725 W android.hardwar: type=1400 audit(0.0:73): avc:  denied  { read } for  name="type" dev="sysfs" ino=45783 scontext=u:r:hal_health_default:s0 tcontext=u:object_r:sysfs:s0 tclass=file permissive=0
03-08 11:38:13.516   725   725 I auditd  : type=1400 audit(0.0:74): avc:  denied  { read } for  comm="android.hardwar" name="type" dev="sysfs" ino=45873 scontext=u:r:hal_health_default:s0 tcontext=u:object_r:sysfs:s0 tclass=file permissive=0
03-08 11:38:13.516   725   725 W android.hardwar: type=1400 audit(0.0:74): avc:  denied  { read } for  name="type" dev="sysfs" ino=45873 scontext=u:r:hal_health_default:s0 tcontext=u:object_r:sysfs:s0 tclass=file permissive=0
03-08 11:38:31.776   725   725 I auditd  : type=1400 audit(0.0:75): avc:  denied  { read } for  comm="android.hardwar" name="type" dev="sysfs" ino=45783 scontext=u:r:hal_health_default:s0 tcontext=u:object_r:sysfs:s0 tclass=file permissive=0
03-08 11:38:31.776   725   725 W android.hardwar: type=1400 audit(0.0:75): avc:  denied  { read } for  name="type" dev="sysfs" ino=45783 scontext=u:r:hal_health_default:s0 tcontext=u:object_r:sysfs:s0 tclass=file permissive=0
03-08 11:38:31.776   725   725 I auditd  : type=1400 audit(0.0:76): avc:  denied  { read } for  comm="android.hardwar" name="type" dev="sysfs" ino=45873 scontext=u:r:hal_health_default:s0 tcontext=u:object_r:sysfs:s0 tclass=file permissive=0
03-08 11:38:31.776   725   725 W android.hardwar: type=1400 audit(0.0:76): avc:  denied  { read } for  name="type" dev="sysfs" ino=45873 scontext=u:r:hal_health_default:s0 tcontext=u:object_r:sysfs:s0 tclass=file permissive=0
03-08 11:38:31.784   725   725 I auditd  : type=1400 audit(0.0:77): avc:  denied  { read } for  comm="android.hardwar" name="type" dev="sysfs" ino=45783 scontext=u:r:hal_health_default:s0 tcontext=u:object_r:sysfs:s0 tclass=file permissive=0
03-08 11:38:31.784   725   725 W android.hardwar: type=1400 audit(0.0:77): avc:  denied  { read } for  name="type" dev="sysfs" ino=45783 scontext=u:r:hal_health_default:s0 tcontext=u:object_r:sysfs:s0 tclass=file permissive=0
03-08 11:38:31.784   725   725 I auditd  : type=1400 audit(0.0:78): avc:  denied  { read } for  comm="android.hardwar" name="type" dev="sysfs" ino=45873 scontext=u:r:hal_health_default:s0 tcontext=u:object_r:sysfs:s0 tclass=file permissive=0
03-08 11:38:31.784   725   725 W android.hardwar: type=1400 audit(0.0:78): avc:  denied  { read } for  name="type" dev="sysfs" ino=45873 scontext=u:r:hal_health_default:s0 tcontext=u:object_r:sysfs:s0 tclass=file permissive=0
03-08 11:38:46.268   725   725 I auditd  : type=1400 audit(0.0:79): avc:  denied  { read } for  comm="android.hardwar" name="type" dev="sysfs" ino=45783 scontext=u:r:hal_health_default:s0 tcontext=u:object_r:sysfs:s0 tclass=file permissive=0
03-08 11:38:46.268   725   725 W android.hardwar: type=1400 audit(0.0:79): avc:  denied  { read } for  name="type" dev="sysfs" ino=45783 scontext=u:r:hal_health_default:s0 tcontext=u:object_r:sysfs:s0 tclass=file permissive=0
03-08 11:38:46.268   725   725 I auditd  : type=1400 audit(0.0:80): avc:  denied  { read } for  comm="android.hardwar" name="type" dev="sysfs" ino=45873 scontext=u:r:hal_health_default:s0 tcontext=u:object_r:sysfs:s0 tclass=file permissive=0
03-08 11:38:46.268   725   725 W android.hardwar: type=1400 audit(0.0:80): avc:  denied  { read } for  name="type" dev="sysfs" ino=45873 scontext=u:r:hal_health_default:s0 tcontext=u:object_r:sysfs:s0 tclass=file permissive=0
03-08 11:38:46.272   725   725 I auditd  : type=1400 audit(0.0:81): avc:  denied  { read } for  comm="android.hardwar" name="type" dev="sysfs" ino=45783 scontext=u:r:hal_health_default:s0 tcontext=u:object_r:sysfs:s0 tclass=file permissive=0
03-08 11:38:46.272   725   725 W android.hardwar: type=1400 audit(0.0:81): avc:  denied  { read } for  name="type" dev="sysfs" ino=45783 scontext=u:r:hal_health_default:s0 tcontext=u:object_r:sysfs:s0 tclass=file permissive=0
03-08 11:38:46.272   725   725 I auditd  : type=1400 audit(0.0:82): avc:  denied  { read } for  comm="android.hardwar" name="type" dev="sysfs" ino=45873 scontext=u:r:hal_health_default:s0 tcontext=u:object_r:sysfs:s0 tclass=file permissive=0
03-08 11:38:46.272   725   725 W android.hardwar: type=1400 audit(0.0:82): avc:  denied  { read } for  name="type" dev="sysfs" ino=45873 scontext=u:r:hal_health_default:s0 tcontext=u:object_r:sysfs:s0 tclass=file permissive=0
03-08 11:39:02.652   725   725 I auditd  : type=1400 audit(0.0:83): avc:  denied  { read } for  comm="android.hardwar" name="type" dev="sysfs" ino=45783 scontext=u:r:hal_health_default:s0 tcontext=u:object_r:sysfs:s0 tclass=file permissive=0
03-08 11:39:02.652   725   725 W android.hardwar: type=1400 audit(0.0:83): avc:  denied  { read } for  name="type" dev="sysfs" ino=45783 scontext=u:r:hal_health_default:s0 tcontext=u:object_r:sysfs:s0 tclass=file permissive=0
03-08 11:39:02.652   725   725 I auditd  : type=1400 audit(0.0:84): avc:  denied  { read } for  comm="android.hardwar" name="type" dev="sysfs" ino=45873 scontext=u:r:hal_health_default:s0 tcontext=u:object_r:sysfs:s0 tclass=file permissive=0
03-08 11:39:02.652   725   725 W android.hardwar: type=1400 audit(0.0:84): avc:  denied  { read } for  name="type" dev="sysfs" ino=45873 scontext=u:r:hal_health_default:s0 tcontext=u:object_r:sysfs:s0 tclass=file permissive=0
03-08 11:39:02.656   725   725 I auditd  : type=1400 audit(0.0:85): avc:  denied  { read } for  comm="android.hardwar" name="type" dev="sysfs" ino=45783 scontext=u:r:hal_health_default:s0 tcontext=u:object_r:sysfs:s0 tclass=file permissive=0
03-08 11:39:02.656   725   725 W android.hardwar: type=1400 audit(0.0:85): avc:  denied  { read } for  name="type" dev="sysfs" ino=45783 scontext=u:r:hal_health_default:s0 tcontext=u:object_r:sysfs:s0 tclass=file permissive=0
03-08 11:39:02.656   725   725 I auditd  : type=1400 audit(0.0:86): avc:  denied  { read } for  comm="android.hardwar" name="type" dev="sysfs" ino=45873 scontext=u:r:hal_health_default:s0 tcontext=u:object_r:sysfs:s0 tclass=file permissive=0
03-08 11:39:02.656   725   725 W android.hardwar: type=1400 audit(0.0:86): avc:  denied  { read } for  name="type" dev="sysfs" ino=45873 scontext=u:r:hal_health_default:s0 tcontext=u:object_r:sysfs:s0 tclass=file permissive=0
03-08 11:39:24.376  2614  2614 I auditd  : type=1400 audit(0.0:87): avc:  denied  { read } for  comm="audioserver" name="u:object_r:vendor_default_prop:s0" dev="tmpfs" ino=9015 scontext=u:r:audioserver:s0 tcontext=u:object_r:vendor_default_prop:s0 tclass=file permissive=0
03-08 11:39:24.376  2614  2614 W audioserver: type=1400 audit(0.0:87): avc:  denied  { read } for  name="u:object_r:vendor_default_prop:s0" dev="tmpfs" ino=9015 scontext=u:r:audioserver:s0 tcontext=u:object_r:vendor_default_prop:s0 tclass=file permissive=0
03-08 11:39:24.380  2614  2614 I auditd  : type=1400 audit(0.0:88): avc:  denied  { read } for  comm="audioserver" name="u:object_r:vendor_default_prop:s0" dev="tmpfs" ino=9015 scontext=u:r:audioserver:s0 tcontext=u:object_r:vendor_default_prop:s0 tclass=file permissive=0
03-08 11:39:24.380  2614  2614 W audioserver: type=1400 audit(0.0:88): avc:  denied  { read } for  name="u:object_r:vendor_default_prop:s0" dev="tmpfs" ino=9015 scontext=u:r:audioserver:s0 tcontext=u:object_r:vendor_default_prop:s0 tclass=file permissive=0
03-08 11:39:24.384  2614  2614 I auditd  : type=1400 audit(0.0:89): avc:  denied  { read } for  comm="audioserver" name="u:object_r:vendor_default_prop:s0" dev="tmpfs" ino=9015 scontext=u:r:audioserver:s0 tcontext=u:object_r:vendor_default_prop:s0 tclass=file permissive=0
03-08 11:39:24.384  2614  2614 W audioserver: type=1400 audit(0.0:89): avc:  denied  { read } for  name="u:object_r:vendor_default_prop:s0" dev="tmpfs" ino=9015 scontext=u:r:audioserver:s0 tcontext=u:object_r:vendor_default_prop:s0 tclass=file permissive=0
03-08 11:39:31.044   546   546 I auditd  : type=1400 audit(0.0:90): avc:  denied  { read } for  comm="binder:546_E" name="wakeup164" dev="sysfs" ino=49385 scontext=u:r:system_suspend:s0 tcontext=u:object_r:vendor_sysfs_fingerprint:s0 tclass=dir permissive=0
03-08 11:39:31.044   546   546 W binder:546_E: type=1400 audit(0.0:90): avc:  denied  { read } for  name="wakeup164" dev="sysfs" ino=49385 scontext=u:r:system_suspend:s0 tcontext=u:object_r:vendor_sysfs_fingerprint:s0 tclass=dir permissive=0
03-08 11:39:31.044   546   546 I auditd  : type=1400 audit(0.0:91): avc:  denied  { read } for  comm="binder:546_E" name="wakeup142" dev="sysfs" ino=45921 scontext=u:r:system_suspend:s0 tcontext=u:object_r:sysfs:s0 tclass=dir permissive=0
03-08 11:39:31.044   546   546 W binder:546_E: type=1400 audit(0.0:91): avc:  denied  { read } for  name="wakeup142" dev="sysfs" ino=45921 scontext=u:r:system_suspend:s0 tcontext=u:object_r:sysfs:s0 tclass=dir permissive=0
03-08 11:39:31.048   546   546 I auditd  : type=1400 audit(0.0:92): avc:  denied  { read } for  comm="binder:546_E" name="wakeup140" dev="sysfs" ino=45831 scontext=u:r:system_suspend:s0 tcontext=u:object_r:sysfs:s0 tclass=dir permissive=0
03-08 11:39:31.048   546   546 W binder:546_E: type=1400 audit(0.0:92): avc:  denied  { read } for  name="wakeup140" dev="sysfs" ino=45831 scontext=u:r:system_suspend:s0 tcontext=u:object_r:sysfs:s0 tclass=dir permissive=0
03-08 11:39:31.048   546   546 I auditd  : type=1400 audit(0.0:93): avc:  denied  { read } for  comm="binder:546_E" name="wakeup139" dev="sysfs" ino=45806 scontext=u:r:system_suspend:s0 tcontext=u:object_r:sysfs:s0 tclass=dir permissive=0
03-08 11:39:31.048   546   546 W binder:546_E: type=1400 audit(0.0:93): avc:  denied  { read } for  name="wakeup139" dev="sysfs" ino=45806 scontext=u:r:system_suspend:s0 tcontext=u:object_r:sysfs:s0 tclass=dir permissive=0
03-08 11:39:31.052   546   546 I auditd  : type=1400 audit(0.0:94): avc:  denied  { read } for  comm="binder:546_E" name="wakeup141" dev="sysfs" ino=45896 scontext=u:r:system_suspend:s0 tcontext=u:object_r:sysfs:s0 tclass=dir permissive=0
03-08 11:39:31.052   546   546 W binder:546_E: type=1400 audit(0.0:94): avc:  denied  { read } for  name="wakeup141" dev="sysfs" ino=45896 scontext=u:r:system_suspend:s0 tcontext=u:object_r:sysfs:s0 tclass=dir permissive=0
03-08 11:39:31.772   725   725 I auditd  : type=1400 audit(0.0:95): avc:  denied  { read } for  comm="android.hardwar" name="type" dev="sysfs" ino=45783 scontext=u:r:hal_health_default:s0 tcontext=u:object_r:sysfs:s0 tclass=file permissive=0
03-08 11:39:31.772   725   725 W android.hardwar: type=1400 audit(0.0:95): avc:  denied  { read } for  name="type" dev="sysfs" ino=45783 scontext=u:r:hal_health_default:s0 tcontext=u:object_r:sysfs:s0 tclass=file permissive=0
03-08 11:39:31.772   725   725 I auditd  : type=1400 audit(0.0:96): avc:  denied  { read } for  comm="android.hardwar" name="type" dev="sysfs" ino=45873 scontext=u:r:hal_health_default:s0 tcontext=u:object_r:sysfs:s0 tclass=file permissive=0
03-08 11:39:31.772   725   725 W android.hardwar: type=1400 audit(0.0:96): avc:  denied  { read } for  name="type" dev="sysfs" ino=45873 scontext=u:r:hal_health_default:s0 tcontext=u:object_r:sysfs:s0 tclass=file permissive=0
03-08 11:39:31.772   725   725 I auditd  : type=1400 audit(0.0:97): avc:  denied  { read } for  comm="android.hardwar" name="type" dev="sysfs" ino=45783 scontext=u:r:hal_health_default:s0 tcontext=u:object_r:sysfs:s0 tclass=file permissive=0
03-08 11:39:31.772   725   725 W android.hardwar: type=1400 audit(0.0:97): avc:  denied  { read } for  name="type" dev="sysfs" ino=45783 scontext=u:r:hal_health_default:s0 tcontext=u:object_r:sysfs:s0 tclass=file permissive=0
03-08 11:39:31.772   725   725 I auditd  : type=1400 audit(0.0:98): avc:  denied  { read } for  comm="android.hardwar" name="type" dev="sysfs" ino=45873 scontext=u:r:hal_health_default:s0 tcontext=u:object_r:sysfs:s0 tclass=file permissive=0
03-08 11:39:31.772   725   725 W android.hardwar: type=1400 audit(0.0:98): avc:  denied  { read } for  name="type" dev="sysfs" ino=45873 scontext=u:r:hal_health_default:s0 tcontext=u:object_r:sysfs:s0 tclass=file permissive=0
03-08 11:39:34.772   725   725 I auditd  : type=1400 audit(0.0:99): avc:  denied  { read } for  comm="android.hardwar" name="type" dev="sysfs" ino=45783 scontext=u:r:hal_health_default:s0 tcontext=u:object_r:sysfs:s0 tclass=file permissive=0
03-08 11:39:34.772   725   725 W android.hardwar: type=1400 audit(0.0:99): avc:  denied  { read } for  name="type" dev="sysfs" ino=45783 scontext=u:r:hal_health_default:s0 tcontext=u:object_r:sysfs:s0 tclass=file permissive=0
03-08 11:39:34.772   725   725 I auditd  : type=1400 audit(0.0:100): avc:  denied  { read } for  comm="android.hardwar" name="type" dev="sysfs" ino=45873 scontext=u:r:hal_health_default:s0 tcontext=u:object_r:sysfs:s0 tclass=file permissive=0
03-08 11:39:34.772   725   725 W android.hardwar: type=1400 audit(0.0:100): avc:  denied  { read } for  name="type" dev="sysfs" ino=45873 scontext=u:r:hal_health_default:s0 tcontext=u:object_r:sysfs:s0 tclass=file permissive=0
03-08 11:39:34.772   725   725 I auditd  : type=1400 audit(0.0:101): avc:  denied  { read } for  comm="android.hardwar" name="type" dev="sysfs" ino=45783 scontext=u:r:hal_health_default:s0 tcontext=u:object_r:sysfs:s0 tclass=file permissive=0
03-08 11:39:34.772   725   725 W android.hardwar: type=1400 audit(0.0:101): avc:  denied  { read } for  name="type" dev="sysfs" ino=45783 scontext=u:r:hal_health_default:s0 tcontext=u:object_r:sysfs:s0 tclass=file permissive=0
03-08 11:39:34.772   725   725 I auditd  : type=1400 audit(0.0:102): avc:  denied  { read } for  comm="android.hardwar" name="type" dev="sysfs" ino=45873 scontext=u:r:hal_health_default:s0 tcontext=u:object_r:sysfs:s0 tclass=file permissive=0
03-08 11:39:34.772   725   725 W android.hardwar: type=1400 audit(0.0:102): avc:  denied  { read } for  name="type" dev="sysfs" ino=45873 scontext=u:r:hal_health_default:s0 tcontext=u:object_r:sysfs:s0 tclass=file permissive=0
03-08 11:39:48.684   505   505 I auditd  : type=1400 audit(0.0:103): avc:  denied  { read } for  comm="binder:505_2" name="/" dev="sdc14" ino=2 scontext=u:r:vold:s0 tcontext=u:object_r:persist_data_file:s0 tclass=dir permissive=0
03-08 11:39:48.684   505   505 W binder:505_2: type=1400 audit(0.0:103): avc:  denied  { read } for  name="/" dev="sdc14" ino=2 scontext=u:r:vold:s0 tcontext=u:object_r:persist_data_file:s0 tclass=dir permissive=0
03-08 11:39:51.804   725   725 I auditd  : type=1400 audit(0.0:104): avc:  denied  { read } for  comm="android.hardwar" name="type" dev="sysfs" ino=45783 scontext=u:r:hal_health_default:s0 tcontext=u:object_r:sysfs:s0 tclass=file permissive=0
03-08 11:39:51.804   725   725 W android.hardwar: type=1400 audit(0.0:104): avc:  denied  { read } for  name="type" dev="sysfs" ino=45783 scontext=u:r:hal_health_default:s0 tcontext=u:object_r:sysfs:s0 tclass=file permissive=0
03-08 11:39:51.804   725   725 I auditd  : type=1400 audit(0.0:105): avc:  denied  { read } for  comm="android.hardwar" name="type" dev="sysfs" ino=45873 scontext=u:r:hal_health_default:s0 tcontext=u:object_r:sysfs:s0 tclass=file permissive=0
03-08 11:39:51.804   725   725 W android.hardwar: type=1400 audit(0.0:105): avc:  denied  { read } for  name="type" dev="sysfs" ino=45873 scontext=u:r:hal_health_default:s0 tcontext=u:object_r:sysfs:s0 tclass=file permissive=0
03-08 11:39:51.808   725   725 I auditd  : type=1400 audit(0.0:106): avc:  denied  { read } for  comm="android.hardwar" name="type" dev="sysfs" ino=45783 scontext=u:r:hal_health_default:s0 tcontext=u:object_r:sysfs:s0 tclass=file permissive=0
03-08 11:39:51.808   725   725 W android.hardwar: type=1400 audit(0.0:106): avc:  denied  { read } for  name="type" dev="sysfs" ino=45783 scontext=u:r:hal_health_default:s0 tcontext=u:object_r:sysfs:s0 tclass=file permissive=0
03-08 11:39:51.808   725   725 I auditd  : type=1400 audit(0.0:107): avc:  denied  { read } for  comm="android.hardwar" name="type" dev="sysfs" ino=45873 scontext=u:r:hal_health_default:s0 tcontext=u:object_r:sysfs:s0 tclass=file permissive=0
03-08 11:39:51.808   725   725 W android.hardwar: type=1400 audit(0.0:107): avc:  denied  { read } for  name="type" dev="sysfs" ino=45873 scontext=u:r:hal_health_default:s0 tcontext=u:object_r:sysfs:s0 tclass=file permissive=0
03-08 11:39:59.996   725   725 I auditd  : type=1400 audit(0.0:111): avc:  denied  { read } for  comm="android.hardwar" name="type" dev="sysfs" ino=45783 scontext=u:r:hal_health_default:s0 tcontext=u:object_r:sysfs:s0 tclass=file permissive=0
03-08 11:39:59.996   725   725 W android.hardwar: type=1400 audit(0.0:111): avc:  denied  { read } for  name="type" dev="sysfs" ino=45783 scontext=u:r:hal_health_default:s0 tcontext=u:object_r:sysfs:s0 tclass=file permissive=0
03-08 11:39:59.996   725   725 I auditd  : type=1400 audit(0.0:112): avc:  denied  { read } for  comm="android.hardwar" name="type" dev="sysfs" ino=45873 scontext=u:r:hal_health_default:s0 tcontext=u:object_r:sysfs:s0 tclass=file permissive=0
03-08 11:39:59.996   725   725 W android.hardwar: type=1400 audit(0.0:112): avc:  denied  { read } for  name="type" dev="sysfs" ino=45873 scontext=u:r:hal_health_default:s0 tcontext=u:object_r:sysfs:s0 tclass=file permissive=0
03-08 11:40:00.000   725   725 I auditd  : type=1400 audit(0.0:113): avc:  denied  { read } for  comm="android.hardwar" name="type" dev="sysfs" ino=45783 scontext=u:r:hal_health_default:s0 tcontext=u:object_r:sysfs:s0 tclass=file permissive=0
03-08 11:40:00.000   725   725 W android.hardwar: type=1400 audit(0.0:113): avc:  denied  { read } for  name="type" dev="sysfs" ino=45783 scontext=u:r:hal_health_default:s0 tcontext=u:object_r:sysfs:s0 tclass=file permissive=0
03-08 11:40:00.000   725   725 I auditd  : type=1400 audit(0.0:114): avc:  denied  { read } for  comm="android.hardwar" name="type" dev="sysfs" ino=45873 scontext=u:r:hal_health_default:s0 tcontext=u:object_r:sysfs:s0 tclass=file permissive=0
03-08 11:40:00.000   725   725 W android.hardwar: type=1400 audit(0.0:114): avc:  denied  { read } for  name="type" dev="sysfs" ino=45873 scontext=u:r:hal_health_default:s0 tcontext=u:object_r:sysfs:s0 tclass=file permissive=0
03-08 11:40:08.048   433   433 I auditd  : type=1400 audit(0.0:115): avc:  denied  { read } for  comm="init" name="u:object_r:default_prop:s0" dev="tmpfs" ino=8729 scontext=u:r:vendor_init:s0 tcontext=u:object_r:default_prop:s0 tclass=file permissive=0
03-08 11:40:08.048   433   433 W init    : type=1400 audit(0.0:115): avc:  denied  { read } for  name="u:object_r:default_prop:s0" dev="tmpfs" ino=8729 scontext=u:r:vendor_init:s0 tcontext=u:object_r:default_prop:s0 tclass=file permissive=0
03-08 11:40:08.196   725   725 I auditd  : type=1400 audit(0.0:116): avc:  denied  { read } for  comm="android.hardwar" name="type" dev="sysfs" ino=45783 scontext=u:r:hal_health_default:s0 tcontext=u:object_r:sysfs:s0 tclass=file permissive=0
03-08 11:40:08.196   725   725 W android.hardwar: type=1400 audit(0.0:116): avc:  denied  { read } for  name="type" dev="sysfs" ino=45783 scontext=u:r:hal_health_default:s0 tcontext=u:object_r:sysfs:s0 tclass=file permissive=0
03-08 11:40:08.196   725   725 I auditd  : type=1400 audit(0.0:117): avc:  denied  { read } for  comm="android.hardwar" name="type" dev="sysfs" ino=45873 scontext=u:r:hal_health_default:s0 tcontext=u:object_r:sysfs:s0 tclass=file permissive=0
03-08 11:40:08.196   725   725 W android.hardwar: type=1400 audit(0.0:117): avc:  denied  { read } for  name="type" dev="sysfs" ino=45873 scontext=u:r:hal_health_default:s0 tcontext=u:object_r:sysfs:s0 tclass=file permissive=0
03-08 11:40:08.196   725   725 I auditd  : type=1400 audit(0.0:118): avc:  denied  { read } for  comm="android.hardwar" name="type" dev="sysfs" ino=45783 scontext=u:r:hal_health_default:s0 tcontext=u:object_r:sysfs:s0 tclass=file permissive=0
03-08 11:40:08.196   725   725 W android.hardwar: type=1400 audit(0.0:118): avc:  denied  { read } for  name="type" dev="sysfs" ino=45783 scontext=u:r:hal_health_default:s0 tcontext=u:object_r:sysfs:s0 tclass=file permissive=0
03-08 11:40:08.196   725   725 I auditd  : type=1400 audit(0.0:119): avc:  denied  { read } for  comm="android.hardwar" name="type" dev="sysfs" ino=45873 scontext=u:r:hal_health_default:s0 tcontext=u:object_r:sysfs:s0 tclass=file permissive=0
03-08 11:40:08.196   725   725 W android.hardwar: type=1400 audit(0.0:119): avc:  denied  { read } for  name="type" dev="sysfs" ino=45873 scontext=u:r:hal_health_default:s0 tcontext=u:object_r:sysfs:s0 tclass=file permissive=0
03-08 11:40:08.296  3679  3679 I auditd  : type=1400 audit(0.0:120): avc:  denied  { dac_read_search } for  comm="mtd_isee@1.3" capability=2  scontext=u:r:hal_mtdservice_default:s0 tcontext=u:r:hal_mtdservice_default:s0 tclass=capability permissive=0
03-08 11:40:08.296  3679  3679 W mtd_isee@1.3: type=1400 audit(0.0:120): avc:  denied  { dac_read_search } for  capability=2  scontext=u:r:hal_mtdservice_default:s0 tcontext=u:r:hal_mtdservice_default:s0 tclass=capability permissive=0
03-08 11:40:08.296  3679  3679 I auditd  : type=1400 audit(0.0:121): avc:  denied  { dac_override } for  comm="mtd_isee@1.3" capability=1  scontext=u:r:hal_mtdservice_default:s0 tcontext=u:r:hal_mtdservice_default:s0 tclass=capability permissive=0
03-08 11:40:08.296  3679  3679 W mtd_isee@1.3: type=1400 audit(0.0:121): avc:  denied  { dac_override } for  capability=1  scontext=u:r:hal_mtdservice_default:s0 tcontext=u:r:hal_mtdservice_default:s0 tclass=capability permissive=0
03-08 11:40:08.296  3679  3679 I auditd  : type=1400 audit(0.0:122): avc:  denied  { dac_read_search } for  comm="mtd_isee@1.3" capability=2  scontext=u:r:hal_mtdservice_default:s0 tcontext=u:r:hal_mtdservice_default:s0 tclass=capability permissive=0
03-08 11:40:08.296  3679  3679 W mtd_isee@1.3: type=1400 audit(0.0:122): avc:  denied  { dac_read_search } for  capability=2  scontext=u:r:hal_mtdservice_default:s0 tcontext=u:r:hal_mtdservice_default:s0 tclass=capability permissive=0
03-08 11:40:08.296  3679  3679 I auditd  : type=1400 audit(0.0:123): avc:  denied  { dac_override } for  comm="mtd_isee@1.3" capability=1  scontext=u:r:hal_mtdservice_default:s0 tcontext=u:r:hal_mtdservice_default:s0 tclass=capability permissive=0
03-08 11:40:08.296  3679  3679 W mtd_isee@1.3: type=1400 audit(0.0:123): avc:  denied  { dac_override } for  capability=1  scontext=u:r:hal_mtdservice_default:s0 tcontext=u:r:hal_mtdservice_default:s0 tclass=capability permissive=0
03-08 11:40:16.380   725   725 I auditd  : type=1400 audit(0.0:129): avc:  denied  { read } for  comm="android.hardwar" name="type" dev="sysfs" ino=45783 scontext=u:r:hal_health_default:s0 tcontext=u:object_r:sysfs:s0 tclass=file permissive=0
03-08 11:40:16.380   725   725 W android.hardwar: type=1400 audit(0.0:129): avc:  denied  { read } for  name="type" dev="sysfs" ino=45783 scontext=u:r:hal_health_default:s0 tcontext=u:object_r:sysfs:s0 tclass=file permissive=0
03-08 11:40:16.380   725   725 I auditd  : type=1400 audit(0.0:130): avc:  denied  { read } for  comm="android.hardwar" name="type" dev="sysfs" ino=45873 scontext=u:r:hal_health_default:s0 tcontext=u:object_r:sysfs:s0 tclass=file permissive=0
03-08 11:40:16.380   725   725 W android.hardwar: type=1400 audit(0.0:130): avc:  denied  { read } for  name="type" dev="sysfs" ino=45873 scontext=u:r:hal_health_default:s0 tcontext=u:object_r:sysfs:s0 tclass=file permissive=0
03-08 11:40:16.384   725   725 I auditd  : type=1400 audit(0.0:131): avc:  denied  { read } for  comm="android.hardwar" name="type" dev="sysfs" ino=45783 scontext=u:r:hal_health_default:s0 tcontext=u:object_r:sysfs:s0 tclass=file permissive=0
03-08 11:40:16.384   725   725 W android.hardwar: type=1400 audit(0.0:131): avc:  denied  { read } for  name="type" dev="sysfs" ino=45783 scontext=u:r:hal_health_default:s0 tcontext=u:object_r:sysfs:s0 tclass=file permissive=0
03-08 11:40:16.384   725   725 I auditd  : type=1400 audit(0.0:132): avc:  denied  { read } for  comm="android.hardwar" name="type" dev="sysfs" ino=45873 scontext=u:r:hal_health_default:s0 tcontext=u:object_r:sysfs:s0 tclass=file permissive=0
03-08 11:40:16.384   725   725 W android.hardwar: type=1400 audit(0.0:132): avc:  denied  { read } for  name="type" dev="sysfs" ino=45873 scontext=u:r:hal_health_default:s0 tcontext=u:object_r:sysfs:s0 tclass=file permissive=0
03-08 11:40:21.292  3745  3745 I auditd  : type=1400 audit(0.0:133): avc:  denied  { search } for  comm="eageos.settings" name="thermal" dev="sysfs" ino=22051 scontext=u:r:system_app:s0 tcontext=u:object_r:sysfs_therm:s0 tclass=dir permissive=0
03-08 11:40:21.292  3745  3745 W eageos.settings: type=1400 audit(0.0:133): avc:  denied  { search } for  name="thermal" dev="sysfs" ino=22051 scontext=u:r:system_app:s0 tcontext=u:object_r:sysfs_therm:s0 tclass=dir permissive=0
03-08 20:34:45.208   725   725 I auditd  : type=1400 audit(0.0:134): avc:  denied  { read } for  comm="android.hardwar" name="type" dev="sysfs" ino=45783 scontext=u:r:hal_health_default:s0 tcontext=u:object_r:sysfs:s0 tclass=file permissive=0
03-08 20:34:45.208   725   725 W android.hardwar: type=1400 audit(0.0:134): avc:  denied  { read } for  name="type" dev="sysfs" ino=45783 scontext=u:r:hal_health_default:s0 tcontext=u:object_r:sysfs:s0 tclass=file permissive=0
03-08 20:34:45.208   725   725 I auditd  : type=1400 audit(0.0:135): avc:  denied  { read } for  comm="android.hardwar" name="type" dev="sysfs" ino=45873 scontext=u:r:hal_health_default:s0 tcontext=u:object_r:sysfs:s0 tclass=file permissive=0
03-08 20:34:45.208   725   725 W android.hardwar: type=1400 audit(0.0:135): avc:  denied  { read } for  name="type" dev="sysfs" ino=45873 scontext=u:r:hal_health_default:s0 tcontext=u:object_r:sysfs:s0 tclass=file permissive=0
